Archive member included to satisfy reference by file (symbol)

/Users/vladistone/MyTools/Pico/arm-gcc/bin/../lib/gcc/arm-none-eabi/13.2.1/thumb/v8-m.main+fp/softfp/libgcc.a(_arm_addsubdf3.o)
                              CMakeFiles/DX7_RP2350_upgrade.dir/core/TFT_dvr.c.o (__aeabi_f2d)
/Users/vladistone/MyTools/Pico/arm-gcc/bin/../lib/gcc/arm-none-eabi/13.2.1/thumb/v8-m.main+fp/softfp/libgcc.a(_aeabi_ldivmod.o)
                              CMakeFiles/DX7_RP2350_upgrade.dir/Users/vladistone/MyTools/Pico/pico-sdk/src/common/pico_time/time.c.o (__aeabi_ldivmod)
/Users/vladistone/MyTools/Pico/arm-gcc/bin/../lib/gcc/arm-none-eabi/13.2.1/thumb/v8-m.main+fp/softfp/libgcc.a(_aeabi_uldivmod.o)
                              CMakeFiles/DX7_RP2350_upgrade.dir/Users/vladistone/MyTools/Pico/pico-sdk/src/rp2_common/hardware_clocks/clocks.c.o (__aeabi_uldivmod)
/Users/vladistone/MyTools/Pico/arm-gcc/bin/../lib/gcc/arm-none-eabi/13.2.1/thumb/v8-m.main+fp/softfp/libgcc.a(_udivmoddi4.o)
                              /Users/vladistone/MyTools/Pico/arm-gcc/bin/../lib/gcc/arm-none-eabi/13.2.1/thumb/v8-m.main+fp/softfp/libgcc.a(_aeabi_ldivmod.o) (__udivmoddi4)
/Users/vladistone/MyTools/Pico/arm-gcc/bin/../lib/gcc/arm-none-eabi/13.2.1/thumb/v8-m.main+fp/softfp/libgcc.a(_dvmd_tls.o)
                              /Users/vladistone/MyTools/Pico/arm-gcc/bin/../lib/gcc/arm-none-eabi/13.2.1/thumb/v8-m.main+fp/softfp/libgcc.a(_aeabi_ldivmod.o) (__aeabi_ldiv0)
/Users/vladistone/MyTools/Pico/arm-gcc/bin/../lib/gcc/arm-none-eabi/13.2.1/../../../../arm-none-eabi/lib/thumb/v8-m.main+fp/softfp/libg.a(libc_a-calloc.o)
                              CMakeFiles/DX7_RP2350_upgrade.dir/Users/vladistone/MyTools/Pico/pico-sdk/src/rp2_common/pico_malloc/malloc.c.o (calloc)
/Users/vladistone/MyTools/Pico/arm-gcc/bin/../lib/gcc/arm-none-eabi/13.2.1/../../../../arm-none-eabi/lib/thumb/v8-m.main+fp/softfp/libg.a(libc_a-callocr.o)
                              /Users/vladistone/MyTools/Pico/arm-gcc/bin/../lib/gcc/arm-none-eabi/13.2.1/../../../../arm-none-eabi/lib/thumb/v8-m.main+fp/softfp/libg.a(libc_a-calloc.o) (_calloc_r)
/Users/vladistone/MyTools/Pico/arm-gcc/bin/../lib/gcc/arm-none-eabi/13.2.1/../../../../arm-none-eabi/lib/thumb/v8-m.main+fp/softfp/libg.a(libc_a-malloc.o)
                              CMakeFiles/DX7_RP2350_upgrade.dir/Users/vladistone/MyTools/Pico/pico-sdk/src/rp2_common/pico_malloc/malloc.c.o (malloc)
/Users/vladistone/MyTools/Pico/arm-gcc/bin/../lib/gcc/arm-none-eabi/13.2.1/../../../../arm-none-eabi/lib/thumb/v8-m.main+fp/softfp/libg.a(libc_a-mallocr.o)
                              /Users/vladistone/MyTools/Pico/arm-gcc/bin/../lib/gcc/arm-none-eabi/13.2.1/../../../../arm-none-eabi/lib/thumb/v8-m.main+fp/softfp/libg.a(libc_a-callocr.o) (_malloc_r)
/Users/vladistone/MyTools/Pico/arm-gcc/bin/../lib/gcc/arm-none-eabi/13.2.1/../../../../arm-none-eabi/lib/thumb/v8-m.main+fp/softfp/libg.a(libc_a-mlock.o)
                              /Users/vladistone/MyTools/Pico/arm-gcc/bin/../lib/gcc/arm-none-eabi/13.2.1/../../../../arm-none-eabi/lib/thumb/v8-m.main+fp/softfp/libg.a(libc_a-mallocr.o) (__malloc_lock)
/Users/vladistone/MyTools/Pico/arm-gcc/bin/../lib/gcc/arm-none-eabi/13.2.1/../../../../arm-none-eabi/lib/thumb/v8-m.main+fp/softfp/libg.a(libc_a-realloc.o)
                              CMakeFiles/DX7_RP2350_upgrade.dir/Users/vladistone/MyTools/Pico/pico-sdk/src/rp2_common/pico_malloc/malloc.c.o (realloc)
/Users/vladistone/MyTools/Pico/arm-gcc/bin/../lib/gcc/arm-none-eabi/13.2.1/../../../../arm-none-eabi/lib/thumb/v8-m.main+fp/softfp/libg.a(libc_a-reallocr.o)
                              /Users/vladistone/MyTools/Pico/arm-gcc/bin/../lib/gcc/arm-none-eabi/13.2.1/../../../../arm-none-eabi/lib/thumb/v8-m.main+fp/softfp/libg.a(libc_a-realloc.o) (_realloc_r)
/Users/vladistone/MyTools/Pico/arm-gcc/bin/../lib/gcc/arm-none-eabi/13.2.1/../../../../arm-none-eabi/lib/thumb/v8-m.main+fp/softfp/libg.a(libc_a-memcmp.o)
                              CMakeFiles/DX7_RP2350_upgrade.dir/lib/fatfs/ff.c.o (memcmp)
/Users/vladistone/MyTools/Pico/arm-gcc/bin/../lib/gcc/arm-none-eabi/13.2.1/../../../../arm-none-eabi/lib/thumb/v8-m.main+fp/softfp/libg.a(libc_a-memmove.o)
                              /Users/vladistone/MyTools/Pico/arm-gcc/bin/../lib/gcc/arm-none-eabi/13.2.1/../../../../arm-none-eabi/lib/thumb/v8-m.main+fp/softfp/libg.a(libc_a-reallocr.o) (memmove)
/Users/vladistone/MyTools/Pico/arm-gcc/bin/../lib/gcc/arm-none-eabi/13.2.1/../../../../arm-none-eabi/lib/thumb/v8-m.main+fp/softfp/libg.a(libc_a-memset.o)
                              CMakeFiles/DX7_RP2350_upgrade.dir/lib/fatfs/ff.c.o (memset)
/Users/vladistone/MyTools/Pico/arm-gcc/bin/../lib/gcc/arm-none-eabi/13.2.1/../../../../arm-none-eabi/lib/thumb/v8-m.main+fp/softfp/libg.a(libc_a-strchr.o)
                              CMakeFiles/DX7_RP2350_upgrade.dir/lib/fatfs/ff.c.o (strchr)
[...]
Memory Configuration

Name             Origin             Length             Attributes
FLASH            0x10000000         0x00400000         xr
PSRAM            0x11000000         0x00000000         xrw
XIP_RAM          0x13ffc000         0x00004000         xrw
RAM              0x20000000         0x00080000         xrw
SCRATCH_X        0x20080000         0x00001000         xrw
SCRATCH_Y        0x20081000         0x00001000         xrw
*default*        0x00000000         0xffffffff

Linker script and memory map

                0x20000000                        RAM_ORIGIN_DEFAULT = 0x20000000
                0x00080000                        RAM_LENGTH_DEFAULT = 0x80000
                0x20080000                        SCRATCH_X_ORIGIN_DEFAULT = 0x20080000
                0x00001000                        SCRATCH_X_LENGTH_DEFAULT = 0x1000
                0x20081000                        SCRATCH_Y_ORIGIN_DEFAULT = 0x20081000
                0x00001000                        SCRATCH_Y_LENGTH_DEFAULT = 0x1000
                0x13ffc000                        XIP_RAM_ORIGIN_DEFAULT = 0x13ffc000
                0x00004000                        XIP_RAM_LENGTH_DEFAULT = 0x4000
LOAD CMakeFiles/DX7_RP2350_upgrade.dir/main.c.o
LOAD CMakeFiles/DX7_RP2350_upgrade.dir/core/encoder_dvr.c.o
LOAD CMakeFiles/DX7_RP2350_upgrade.dir/core/midi_uart.c.o
LOAD CMakeFiles/DX7_RP2350_upgrade.dir/core/numpad_dvr.c.o
LOAD CMakeFiles/DX7_RP2350_upgrade.dir/core/SD_card.c.o
LOAD CMakeFiles/DX7_RP2350_upgrade.dir/core/TFT_dvr.c.o
LOAD CMakeFiles/DX7_RP2350_upgrade.dir/services/sysex_cc_map.c.o
LOAD CMakeFiles/DX7_RP2350_upgrade.dir/services/sd_storage.c.o
LOAD CMakeFiles/DX7_RP2350_upgrade.dir/services/ui_engine.c.o
LOAD CMakeFiles/DX7_RP2350_upgrade.dir/services/ui_theme.c.o
LOAD CMakeFiles/DX7_RP2350_upgrade.dir/services/font.c.o
LOAD CMakeFiles/DX7_RP2350_upgrade.dir/services/debug_log.c.o
LOAD CMakeFiles/DX7_RP2350_upgrade.dir/modes/system_mode.c.o
LOAD CMakeFiles/DX7_RP2350_upgrade.dir/modes/play_mode.c.o
LOAD CMakeFiles/DX7_RP2350_upgrade.dir/modes/sd_review.c.o
LOAD CMakeFiles/DX7_RP2350_upgrade.dir/modes/midi_bridge_mode.c.o
LOAD CMakeFiles/DX7_RP2350_upgrade.dir/mapping/map_default.c.o
LOAD CMakeFiles/DX7_RP2350_upgrade.dir/mapping/map_nucleus2.c.o
LOAD CMakeFiles/DX7_RP2350_upgrade.dir/lib/fatfs/ff.c.o
LOAD CMakeFiles/DX7_RP2350_upgrade.dir/lib/fatfs/ffsystem.c.o
LOAD CMakeFiles/DX7_RP2350_upgrade.dir/lib/fatfs/ffunicode.c.o
LOAD CMakeFiles/DX7_RP2350_upgrade.dir/lib/fatfs/diskio.c.o
LOAD CMakeFiles/DX7_RP2350_upgrade.dir/Users/vladistone/MyTools/Pico/pico-sdk/src/rp2_common/pico_stdlib/stdlib.c.o
LOAD CMakeFiles/DX7_RP2350_upgrade.dir/Users/vladistone/MyTools/Pico/pico-sdk/src/rp2_common/hardware_gpio/gpio.c.o
LOAD CMakeFiles/DX7_RP2350_upgrade.dir/Users/vladistone/MyTools/Pico/pico-sdk/src/rp2350/pico_platform/platform.c.o
LOAD CMakeFiles/DX7_RP2350_upgrade.dir/Users/vladistone/MyTools/Pico/pico-sdk/src/rp2_common/pico_platform_common/common.c.o
LOAD CMakeFiles/DX7_RP2350_upgrade.dir/Users/vladistone/MyTools/Pico/pico-sdk/src/rp2_common/pico_platform_panic/panic.c.o
LOAD CMakeFiles/DX7_RP2350_upgrade.dir/Users/vladistone/MyTools/Pico/pico-sdk/src/rp2_common/pico_platform_panic/custom_panic_function.S.o
LOAD CMakeFiles/DX7_RP2350_upgrade.dir/Users/vladistone/MyTools/Pico/pico-sdk/src/common/hardware_claim/claim.c.o
LOAD CMakeFiles/DX7_RP2350_upgrade.dir/Users/vladistone/MyTools/Pico/pico-sdk/src/rp2_common/hardware_sync/sync.c.o
LOAD CMakeFiles/DX7_RP2350_upgrade.dir/Users/vladistone/MyTools/Pico/pico-sdk/src/rp2_common/hardware_sync_spin_lock/sync_spin_lock.c.o
LOAD CMakeFiles/DX7_RP2350_upgrade.dir/Users/vladistone/MyTools/Pico/pico-sdk/src/rp2_common/hardware_irq/irq.c.o
LOAD CMakeFiles/DX7_RP2350_upgrade.dir/Users/vladistone/MyTools/Pico/pico-sdk/src/rp2_common/hardware_irq/irq_handler_chain.S.o
LOAD CMakeFiles/DX7_RP2350_upgrade.dir/Users/vladistone/MyTools/Pico/pico-sdk/src/common/pico_sync/sem.c.o
LOAD CMakeFiles/DX7_RP2350_upgrade.dir/Users/vladistone/MyTools/Pico/pico-sdk/src/common/pico_sync/lock_core.c.o
LOAD CMakeFiles/DX7_RP2350_upgrade.dir/Users/vladistone/MyTools/Pico/pico-sdk/src/common/pico_sync/mutex.c.o
LOAD CMakeFiles/DX7_RP2350_upgrade.dir/Users/vladistone/MyTools/Pico/pico-sdk/src/common/pico_sync/critical_section.c.o
LOAD CMakeFiles/DX7_RP2350_upgrade.dir/Users/vladistone/MyTools/Pico/pico-sdk/src/common/pico_time/time.c.o
LOAD CMakeFiles/DX7_RP2350_upgrade.dir/Users/vladistone/MyTools/Pico/pico-sdk/src/common/pico_time/timeout_helper.c.o
LOAD CMakeFiles/DX7_RP2350_upgrade.dir/Users/vladistone/MyTools/Pico/pico-sdk/src/rp2_common/hardware_timer/timer.c.o
LOAD CMakeFiles/DX7_RP2350_upgrade.dir/Users/vladistone/MyTools/Pico/pico-sdk/src/common/pico_util/datetime.c.o
LOAD CMakeFiles/DX7_RP2350_upgrade.dir/Users/vladistone/MyTools/Pico/pico-sdk/src/common/pico_util/fixed_bitset.c.o
LOAD CMakeFiles/DX7_RP2350_upgrade.dir/Users/vladistone/MyTools/Pico/pico-sdk/src/common/pico_util/pheap.c.o
LOAD CMakeFiles/DX7_RP2350_upgrade.dir/Users/vladistone/MyTools/Pico/pico-sdk/src/common/pico_util/queue.c.o
LOAD CMakeFiles/DX7_RP2350_upgrade.dir/Users/vladistone/MyTools/Pico/pico-sdk/src/rp2_common/hardware_uart/uart.c.o
LOAD CMakeFiles/DX7_RP2350_upgrade.dir/Users/vladistone/MyTools/Pico/pico-sdk/src/rp2_common/hardware_clocks/clocks.c.o
LOAD CMakeFiles/DX7_RP2350_upgrade.dir/Users/vladistone/MyTools/Pico/pico-sdk/src/rp2_common/hardware_pll/pll.c.o
LOAD CMakeFiles/DX7_RP2350_upgrade.dir/Users/vladistone/MyTools/Pico/pico-sdk/src/rp2_common/hardware_vreg/vreg.c.o
LOAD CMakeFiles/DX7_RP2350_upgrade.dir/Users/vladistone/MyTools/Pico/pico-sdk/src/rp2_common/hardware_watchdog/watchdog.c.o
LOAD CMakeFiles/DX7_RP2350_upgrade.dir/Users/vladistone/MyTools/Pico/pico-sdk/src/rp2_common/hardware_ticks/ticks.c.o
LOAD CMakeFiles/DX7_RP2350_upgrade.dir/Users/vladistone/MyTools/Pico/pico-sdk/src/rp2_common/pico_bootrom/bootrom.c.o
LOAD CMakeFiles/DX7_RP2350_upgrade.dir/Users/vladistone/MyTools/Pico/pico-sdk/src/rp2_common/pico_bootrom/bootrom_lock.c.o
LOAD CMakeFiles/DX7_RP2350_upgrade.dir/Users/vladistone/MyTools/Pico/pico-sdk/src/rp2_common/hardware_boot_lock/boot_lock.c.o
LOAD CMakeFiles/DX7_RP2350_upgrade.dir/Users/vladistone/MyTools/Pico/pico-sdk/src/rp2_common/pico_flash/flash.c.o
LOAD CMakeFiles/DX7_RP2350_upgrade.dir/Users/vladistone/MyTools/Pico/pico-sdk/src/rp2_common/hardware_xosc/xosc.c.o
LOAD CMakeFiles/DX7_RP2350_upgrade.dir/Users/vladistone/MyTools/Pico/pico-sdk/src/rp2_common/hardware_divider/divider.c.o
LOAD CMakeFiles/DX7_RP2350_upgrade.dir/Users/vladistone/MyTools/Pico/pico-sdk/src/rp2_common/pico_runtime/runtime.c.o
LOAD CMakeFiles/DX7_RP2350_upgrade.dir/Users/vladistone/MyTools/Pico/pico-sdk/src/rp2_common/pico_runtime_init/runtime_init.c.o
LOAD CMakeFiles/DX7_RP2350_upgrade.dir/Users/vladistone/MyTools/Pico/pico-sdk/src/rp2_common/pico_runtime_init/runtime_init_clocks.c.o
LOAD CMakeFiles/DX7_RP2350_upgrade.dir/Users/vladistone/MyTools/Pico/pico-sdk/src/rp2_common/pico_runtime_init/runtime_init_stack_guard.c.o
LOAD CMakeFiles/DX7_RP2350_upgrade.dir/Users/vladistone/MyTools/Pico/pico-sdk/src/rp2_common/pico_bit_ops/bit_ops_aeabi.S.o
LOAD CMakeFiles/DX7_RP2350_upgrade.dir/Users/vladistone/MyTools/Pico/pico-sdk/src/rp2_common/pico_divider/divider_compiler.c.o
LOAD CMakeFiles/DX7_RP2350_upgrade.dir/Users/vladistone/MyTools/Pico/pico-sdk/src/rp2_common/pico_double/double_math.c.o
LOAD CMakeFiles/DX7_RP2350_upgrade.dir/Users/vladistone/MyTools/Pico/pico-sdk/src/rp2_common/pico_double/double_aeabi_dcp.S.o
LOAD CMakeFiles/DX7_RP2350_upgrade.dir/Users/vladistone/MyTools/Pico/pico-sdk/src/rp2_common/pico_double/double_fma_dcp.S.o
LOAD CMakeFiles/DX7_RP2350_upgrade.dir/Users/vladistone/MyTools/Pico/pico-sdk/src/rp2_common/pico_double/double_sci_m33.S.o
LOAD CMakeFiles/DX7_RP2350_upgrade.dir/Users/vladistone/MyTools/Pico/pico-sdk/src/rp2_common/pico_double/double_conv_m33.S.o
LOAD CMakeFiles/DX7_RP2350_upgrade.dir/Users/vladistone/MyTools/Pico/pico-sdk/src/rp2_common/pico_float/float_math.c.o
LOAD CMakeFiles/DX7_RP2350_upgrade.dir/Users/vladistone/MyTools/Pico/pico-sdk/src/rp2_common/pico_float/float_conv32_vfp.S.o
LOAD CMakeFiles/DX7_RP2350_upgrade.dir/Users/vladistone/MyTools/Pico/pico-sdk/src/rp2_common/pico_float/float_common_m33.S.o
LOAD CMakeFiles/DX7_RP2350_upgrade.dir/Users/vladistone/MyTools/Pico/pico-sdk/src/rp2_common/pico_float/float_sci_m33_vfp.S.o
LOAD CMakeFiles/DX7_RP2350_upgrade.dir/Users/vladistone/MyTools/Pico/pico-sdk/src/rp2_common/pico_malloc/malloc.c.o
LOAD CMakeFiles/DX7_RP2350_upgrade.dir/Users/vladistone/MyTools/Pico/pico-sdk/src/rp2_common/pico_atomic/atomic.c.o
LOAD CMakeFiles/DX7_RP2350_upgrade.dir/Users/vladistone/MyTools/Pico/pico-sdk/src/rp2_common/pico_cxx_options/new_delete.cpp.o
LOAD CMakeFiles/DX7_RP2350_upgrade.dir/Users/vladistone/MyTools/Pico/pico-sdk/src/rp2_common/pico_standard_binary_info/standard_binary_info.c.o
LOAD CMakeFiles/DX7_RP2350_upgrade.dir/Users/vladistone/MyTools/Pico/pico-sdk/src/rp2_common/pico_printf/printf.c.o
LOAD CMakeFiles/DX7_RP2350_upgrade.dir/Users/vladistone/MyTools/Pico/pico-sdk/src/rp2_common/pico_crt0/crt0.S.o
LOAD CMakeFiles/DX7_RP2350_upgrade.dir/Users/vladistone/MyTools/Pico/pico-sdk/src/rp2_common/pico_clib_interface/newlib_interface.c.o
LOAD CMakeFiles/DX7_RP2350_upgrade.dir/Users/vladistone/MyTools/Pico/pico-sdk/src/rp2_common/pico_clib_interface/cxa_guard.c.o
LOAD CMakeFiles/DX7_RP2350_upgrade.dir/Users/vladistone/MyTools/Pico/pico-sdk/src/rp2_common/pico_stdio/stdio.c.o
LOAD CMakeFiles/DX7_RP2350_upgrade.dir/Users/vladistone/MyTools/Pico/pico-sdk/src/rp2_common/pico_stdio_uart/stdio_uart.c.o
LOAD CMakeFiles/DX7_RP2350_upgrade.dir/Users/vladistone/MyTools/Pico/pico-sdk/src/rp2_common/pico_stdio_usb/stdio_usb.c.o
LOAD CMakeFiles/DX7_RP2350_upgrade.dir/Users/vladistone/MyTools/Pico/pico-sdk/src/rp2_common/pico_stdio_usb/stdio_usb_descriptors.c.o
LOAD CMakeFiles/DX7_RP2350_upgrade.dir/Users/vladistone/MyTools/Pico/pico-sdk/src/rp2_common/pico_unique_id/unique_id.c.o
LOAD CMakeFiles/DX7_RP2350_upgrade.dir/Users/vladistone/MyTools/Pico/pico-sdk/src/rp2_common/hardware_flash/flash.c.o
LOAD CMakeFiles/DX7_RP2350_upgrade.dir/Users/vladistone/MyTools/Pico/pico-sdk/src/rp2_common/hardware_xip_cache/xip_cache.c.o
LOAD CMakeFiles/DX7_RP2350_upgrade.dir/Users/vladistone/MyTools/Pico/pico-sdk/src/rp2_common/pico_usb_reset/usb_reset.c.o
LOAD CMakeFiles/DX7_RP2350_upgrade.dir/Users/vladistone/MyTools/Pico/pico-sdk/lib/tinyusb/src/portable/raspberrypi/rp2040/dcd_rp2040.c.o
LOAD CMakeFiles/DX7_RP2350_upgrade.dir/Users/vladistone/MyTools/Pico/pico-sdk/lib/tinyusb/src/portable/raspberrypi/rp2040/rp2040_usb.c.o
LOAD CMakeFiles/DX7_RP2350_upgrade.dir/Users/vladistone/MyTools/Pico/pico-sdk/lib/tinyusb/src/device/usbd.c.o
LOAD CMakeFiles/DX7_RP2350_upgrade.dir/Users/vladistone/MyTools/Pico/pico-sdk/lib/tinyusb/src/class/audio/audio_device.c.o
LOAD CMakeFiles/DX7_RP2350_upgrade.dir/Users/vladistone/MyTools/Pico/pico-sdk/lib/tinyusb/src/class/cdc/cdc_device.c.o
LOAD CMakeFiles/DX7_RP2350_upgrade.dir/Users/vladistone/MyTools/Pico/pico-sdk/lib/tinyusb/src/class/dfu/dfu_device.c.o
LOAD CMakeFiles/DX7_RP2350_upgrade.dir/Users/vladistone/MyTools/Pico/pico-sdk/lib/tinyusb/src/class/dfu/dfu_rt_device.c.o
LOAD CMakeFiles/DX7_RP2350_upgrade.dir/Users/vladistone/MyTools/Pico/pico-sdk/lib/tinyusb/src/class/hid/hid_device.c.o
LOAD CMakeFiles/DX7_RP2350_upgrade.dir/Users/vladistone/MyTools/Pico/pico-sdk/lib/tinyusb/src/class/midi/midi_device.c.o
LOAD CMakeFiles/DX7_RP2350_upgrade.dir/Users/vladistone/MyTools/Pico/pico-sdk/lib/tinyusb/src/class/midi/midi2_device.c.o
LOAD CMakeFiles/DX7_RP2350_upgrade.dir/Users/vladistone/MyTools/Pico/pico-sdk/lib/tinyusb/src/class/msc/msc_device.c.o
LOAD CMakeFiles/DX7_RP2350_upgrade.dir/Users/vladistone/MyTools/Pico/pico-sdk/lib/tinyusb/src/class/mtp/mtp_device.c.o
LOAD CMakeFiles/DX7_RP2350_upgrade.dir/Users/vladistone/MyTools/Pico/pico-sdk/lib/tinyusb/src/class/net/ecm_rndis_device.c.o
LOAD CMakeFiles/DX7_RP2350_upgrade.dir/Users/vladistone/MyTools/Pico/pico-sdk/lib/tinyusb/src/class/net/ncm_device.c.o
LOAD CMakeFiles/DX7_RP2350_upgrade.dir/Users/vladistone/MyTools/Pico/pico-sdk/lib/tinyusb/src/class/printer/printer_device.c.o
LOAD CMakeFiles/DX7_RP2350_upgrade.dir/Users/vladistone/MyTools/Pico/pico-sdk/lib/tinyusb/src/class/usbtmc/usbtmc_device.c.o
LOAD CMakeFiles/DX7_RP2350_upgrade.dir/Users/vladistone/MyTools/Pico/pico-sdk/lib/tinyusb/src/class/vendor/vendor_device.c.o
LOAD CMakeFiles/DX7_RP2350_upgrade.dir/Users/vladistone/MyTools/Pico/pico-sdk/lib/tinyusb/src/class/video/video_device.c.o
LOAD CMakeFiles/DX7_RP2350_upgrade.dir/Users/vladistone/MyTools/Pico/pico-sdk/lib/tinyusb/src/tusb.c.o
LOAD CMakeFiles/DX7_RP2350_upgrade.dir/Users/vladistone/MyTools/Pico/pico-sdk/lib/tinyusb/src/common/tusb_fifo.c.o
LOAD CMakeFiles/DX7_RP2350_upgrade.dir/Users/vladistone/MyTools/Pico/pico-sdk/src/rp2_common/pico_fix/rp2040_usb_device_enumeration/rp2040_usb_device_enumeration.c.o
LOAD CMakeFiles/DX7_RP2350_upgrade.dir/Users/vladistone/MyTools/Pico/pico-sdk/src/rp2_common/pico_thread_local/thread_local.c.o
LOAD CMakeFiles/DX7_RP2350_upgrade.dir/Users/vladistone/MyTools/Pico/pico-sdk/src/rp2_common/hardware_spi/spi.c.o
LOAD CMakeFiles/DX7_RP2350_upgrade.dir/Users/vladistone/MyTools/Pico/pico-sdk/src/rp2_common/hardware_i2c/i2c.c.o
LOAD CMakeFiles/DX7_RP2350_upgrade.dir/Users/vladistone/MyTools/Pico/pico-sdk/src/rp2_common/hardware_adc/adc.c.o
LOAD pico-sdk/src/rp2350/boot_stage2/CMakeFiles/bs2_default_library.dir/./bs2_default_padded.S.o
LOAD /Users/vladistone/MyTools/Pico/arm-gcc/bin/../lib/gcc/arm-none-eabi/13.2.1/../../../../arm-none-eabi/lib/thumb/v8-m.main+fp/softfp/libstdc++.a
LOAD /Users/vladistone/MyTools/Pico/arm-gcc/bin/../lib/gcc/arm-none-eabi/13.2.1/../../../../arm-none-eabi/lib/thumb/v8-m.main+fp/softfp/libm.a
START GROUP
LOAD /Users/vladistone/MyTools/Pico/arm-gcc/bin/../lib/gcc/arm-none-eabi/13.2.1/thumb/v8-m.main+fp/softfp/libgcc.a
LOAD /Users/vladistone/MyTools/Pico/arm-gcc/bin/../lib/gcc/arm-none-eabi/13.2.1/../../../../arm-none-eabi/lib/thumb/v8-m.main+fp/softfp/libg.a
LOAD /Users/vladistone/MyTools/Pico/arm-gcc/bin/../lib/gcc/arm-none-eabi/13.2.1/../../../../arm-none-eabi/lib/thumb/v8-m.main+fp/softfp/libc.a
END GROUP
                0x20000000                        PROVIDE (RAM_ORIGIN = RAM_ORIGIN_DEFAULT)
                0x00080000                        PROVIDE (RAM_LENGTH = RAM_LENGTH_DEFAULT)
                0x20080000                        PROVIDE (SCRATCH_X_ORIGIN = SCRATCH_X_ORIGIN_DEFAULT)
                0x00001000                        PROVIDE (SCRATCH_X_LENGTH = SCRATCH_X_LENGTH_DEFAULT)
                0x20081000                        PROVIDE (SCRATCH_Y_ORIGIN = SCRATCH_Y_ORIGIN_DEFAULT)
                0x00001000                        PROVIDE (SCRATCH_Y_LENGTH = SCRATCH_Y_LENGTH_DEFAULT)
                0x13ffc000                        PROVIDE (XIP_RAM_ORIGIN = XIP_RAM_ORIGIN_DEFAULT)
                0x00004000                        PROVIDE (XIP_RAM_LENGTH = XIP_RAM_LENGTH_DEFAULT)
                0x20000000                        RAM_ORIGIN = DEFINED (RAM_ORIGIN)?RAM_ORIGIN:RAM_ORIGIN_DEFAULT
                0x00080000                        RAM_LENGTH = DEFINED (RAM_LENGTH)?RAM_LENGTH:RAM_LENGTH_DEFAULT
                0x20080000                        SCRATCH_X_ORIGIN = DEFINED (SCRATCH_X_ORIGIN)?SCRATCH_X_ORIGIN:SCRATCH_X_ORIGIN_DEFAULT
                0x00001000                        SCRATCH_X_LENGTH = DEFINED (SCRATCH_X_LENGTH)?SCRATCH_X_LENGTH:SCRATCH_X_LENGTH_DEFAULT
                0x20081000                        SCRATCH_Y_ORIGIN = DEFINED (SCRATCH_Y_ORIGIN)?SCRATCH_Y_ORIGIN:SCRATCH_Y_ORIGIN_DEFAULT
                0x00001000                        SCRATCH_Y_LENGTH = DEFINED (SCRATCH_Y_LENGTH)?SCRATCH_Y_LENGTH:SCRATCH_Y_LENGTH_DEFAULT
                0x13ffc000                        XIP_RAM_ORIGIN = DEFINED (XIP_RAM_ORIGIN)?XIP_RAM_ORIGIN:XIP_RAM_ORIGIN_DEFAULT
                0x00004000                        XIP_RAM_LENGTH = DEFINED (XIP_RAM_LENGTH)?XIP_RAM_LENGTH:XIP_RAM_LENGTH_DEFAULT

.flash_begin    0x10000000        0x0
                0x10000000                        __flash_binary_start = .

.text           0x10000000     0xb39c
                0x10000000                        __logical_binary_start = .
 *(.vectors)
 .vectors       0x10000000      0x124 CMakeFiles/DX7_RP2350_upgrade.dir/Users/vladistone/MyTools/Pico/pico-sdk/src/rp2_common/pico_crt0/crt0.S.o
                0x10000000                __VECTOR_TABLE
                0x10000000                __vectors
                0x10000110                __unhandled_user_irq
                0x10000110                isr_irq49
                0x10000110                isr_irq13
                0x10000110                isr_irq43
                0x10000110                isr_irq45
                0x10000110                isr_irq27
                0x10000110                isr_irq32
                0x10000110                isr_irq31
                0x10000110                isr_irq5
                0x10000110                isr_irq11
                0x10000110                isr_irq23
                0x10000110                isr_usagefault
                0x10000110                isr_irq48
                0x10000110                isr_irq35
                0x10000110                isr_irq18
                0x10000110                isr_irq50
                0x10000110                isr_irq9
                0x10000110                isr_irq30
                0x10000110                isr_irq16
                0x10000110                isr_irq44
                0x10000110                isr_irq29
                0x10000110                isr_irq26
                0x10000110                isr_irq33
                0x10000110                isr_irq3
                0x10000110                isr_irq12
                0x10000110                isr_securefault
                0x10000110                isr_irq40
                0x10000110                isr_irq28
                0x10000110                isr_irq19
                0x10000110                isr_irq36
                0x10000110                isr_irq41
                0x10000110                isr_irq0
                0x10000110                isr_irq6
                0x10000110                isr_memmanage
                0x10000110                isr_irq37
                0x10000110                isr_irq42
                0x10000110                isr_irq22
                0x10000110                isr_irq17
                0x10000110                isr_irq38
                0x10000110                isr_irq14
                0x10000110                __vectors_end
                0x10000110                __default_isrs_start
                0x10000110                isr_irq2
                0x10000110                isr_irq10
                0x10000110                isr_irq8
                0x10000110                isr_debugmonitor
                0x10000110                isr_irq24
                0x10000110                isr_irq46
                0x10000110                isr_irq1
                0x10000110                isr_irq47
                0x10000110                isr_irq51
                0x10000110                isr_irq7
                0x10000110                isr_irq21
                0x10000110                isr_irq39
                0x10000110                isr_irq20
                0x10000110                isr_irq15
                0x10000110                isr_irq25
                0x10000110                isr_irq34
                0x10000110                isr_irq4
                0x10000110                isr_busfault
                0x10000116                unhandled_user_irq_num_in_r0
                0x10000118                isr_invalid
                0x1000011a                isr_nmi
                0x1000011c                isr_hardfault
                0x1000011e                isr_svcall
                0x10000120                isr_pendsv
                0x10000122                isr_systick
                0x10000124                __default_isrs_end
 *(.binary_info_header)
 .binary_info_header
                0x10000124       0x14 CMakeFiles/DX7_RP2350_upgrade.dir/Users/vladistone/MyTools/Pico/pico-sdk/src/rp2_common/pico_crt0/crt0.S.o
                0x10000138                        __binary_info_header_end = .
 *(.embedded_block)
 .embedded_block
                0x10000138       0x14 CMakeFiles/DX7_RP2350_upgrade.dir/Users/vladistone/MyTools/Pico/pico-sdk/src/rp2_common/pico_crt0/crt0.S.o
                0x1000014c                        __embedded_block_end = .
 *(.reset)
 .reset         0x1000014c       0x94 CMakeFiles/DX7_RP2350_upgrade.dir/Users/vladistone/MyTools/Pico/pico-sdk/src/rp2_common/pico_crt0/crt0.S.o
                0x1000014c                _entry_point
 *(.init)
 *libgcc.a:cmse_nonsecure_call.o()
 *(EXCLUDE_FILE(*libm.a: *lib*_a-mem*.o *libc.a: *libgcc.a:) .text*)
 .text.startup.main
                0x100001e0      0x1ec CMakeFiles/DX7_RP2350_upgrade.dir/main.c.o
                0x100001e0                main
 .text.encoder_init
                0x100003cc       0x54 CMakeFiles/DX7_RP2350_upgrade.dir/core/encoder_dvr.c.o
                0x100003cc                encoder_init
 .text.encoder_get_delta
                0x10000420       0x40 CMakeFiles/DX7_RP2350_upgrade.dir/core/encoder_dvr.c.o
                0x10000420                encoder_get_delta
 .text.encoder_is_button_pressed
                0x10000460       0x10 CMakeFiles/DX7_RP2350_upgrade.dir/core/encoder_dvr.c.o
                0x10000460                encoder_is_button_pressed
 .text.encoder_is_double_clicked
                0x10000470       0xc4 CMakeFiles/DX7_RP2350_upgrade.dir/core/encoder_dvr.c.o
                0x10000470                encoder_is_double_clicked
 .text.midi_send_program_change
                0x10000534       0x3c CMakeFiles/DX7_RP2350_upgrade.dir/core/midi_uart.c.o
                0x10000534                midi_send_program_change
 .text.midi_read_byte
                0x10000570       0x30 CMakeFiles/DX7_RP2350_upgrade.dir/core/midi_uart.c.o
                0x10000570                midi_read_byte
 .text.mpr121_read_touched
                0x100005a0       0x3c CMakeFiles/DX7_RP2350_upgrade.dir/core/numpad_dvr.c.o
                0x100005a0                mpr121_read_touched
 .text.sd_spi_init
                0x100005dc       0x40 CMakeFiles/DX7_RP2350_upgrade.dir/core/SD_card.c.o
                0x100005dc                sd_spi_init
 .text.sd_spi_set_high_speed
                0x1000061c       0x10 CMakeFiles/DX7_RP2350_upgrade.dir/core/SD_card.c.o
                0x1000061c                sd_spi_set_high_speed
 .text.draw_char_scaled.constprop.0
                0x1000062c      0x210 CMakeFiles/DX7_RP2350_upgrade.dir/core/TFT_dvr.c.o
 .text.draw_char_scaled.constprop.3
                0x1000083c      0x240 CMakeFiles/DX7_RP2350_upgrade.dir/core/TFT_dvr.c.o
 .text.draw_char_scaled.constprop.4
                0x10000a7c      0x240 CMakeFiles/DX7_RP2350_upgrade.dir/core/TFT_dvr.c.o
 .text.st7789_init_registers
                0x10000cbc      0x2a4 CMakeFiles/DX7_RP2350_upgrade.dir/core/TFT_dvr.c.o
                0x10000cbc                st7789_init_registers
 .text.draw_rectangle
                0x10000f60      0x23c CMakeFiles/DX7_RP2350_upgrade.dir/core/TFT_dvr.c.o
                0x10000f60                draw_rectangle
 .text.fill_screen
                0x1000119c      0x1cc CMakeFiles/DX7_RP2350_upgrade.dir/core/TFT_dvr.c.o
                0x1000119c                fill_screen
 .text.show_animated_splash
                0x10001368      0x300 CMakeFiles/DX7_RP2350_upgrade.dir/core/TFT_dvr.c.o
                0x10001368                show_animated_splash
 .text.tft_init
                0x10001668       0xc4 CMakeFiles/DX7_RP2350_upgrade.dir/core/TFT_dvr.c.o
                0x10001668                tft_init
 .text.clear_rect
                0x1000172c      0x23c CMakeFiles/DX7_RP2350_upgrade.dir/core/TFT_dvr.c.o
                0x1000172c                clear_rect
 .text.draw_char_scaled
                0x10001968      0x2a0 CMakeFiles/DX7_RP2350_upgrade.dir/core/TFT_dvr.c.o
                0x10001968                draw_char_scaled
 .text.draw_text_scaled
                0x10001c08       0x5c CMakeFiles/DX7_RP2350_upgrade.dir/core/TFT_dvr.c.o
                0x10001c08                draw_text_scaled
 .text.draw_bitmap
                0x10001c64      0x274 CMakeFiles/DX7_RP2350_upgrade.dir/core/TFT_dvr.c.o
                0x10001c64                draw_bitmap
 .text.sysex_cc_map_init
                0x10001ed8       0x18 CMakeFiles/DX7_RP2350_upgrade.dir/services/sysex_cc_map.c.o
                0x10001ed8                sysex_cc_map_init
 .text.sd_storage_ensure_defaults
                0x10001ef0      0x100 CMakeFiles/DX7_RP2350_upgrade.dir/services/sd_storage.c.o
 .text.has_extension
                0x10001ff0       0x60 CMakeFiles/DX7_RP2350_upgrade.dir/services/sd_storage.c.o
 .text.get_fattime
                0x10002050        0x8 CMakeFiles/DX7_RP2350_upgrade.dir/services/sd_storage.c.o
                0x10002050                get_fattime
 .text.sd_ensure_ready
                0x10002058       0x48 CMakeFiles/DX7_RP2350_upgrade.dir/services/sd_storage.c.o
                0x10002058                sd_ensure_ready
 .text.sd_storage_mount
                0x100020a0       0x50 CMakeFiles/DX7_RP2350_upgrade.dir/services/sd_storage.c.o
                0x100020a0                sd_storage_mount
 .text.sd_storage_scan_files
                0x100020f0      0x108 CMakeFiles/DX7_RP2350_upgrade.dir/services/sd_storage.c.o
                0x100020f0                sd_storage_scan_files
 .text.sd_storage_load_theme
                0x100021f8       0x68 CMakeFiles/DX7_RP2350_upgrade.dir/services/sd_storage.c.o
                0x100021f8                sd_storage_load_theme
 .text.ui_engine_init
                0x10002260        0xc CMakeFiles/DX7_RP2350_upgrade.dir/services/ui_engine.c.o
                0x10002260                ui_engine_init
 .text.ui_draw_statusbar
                0x1000226c       0x94 CMakeFiles/DX7_RP2350_upgrade.dir/services/ui_engine.c.o
                0x1000226c                ui_draw_statusbar
 .text.ui_clear_work_area
                0x10002300       0x20 CMakeFiles/DX7_RP2350_upgrade.dir/services/ui_engine.c.o
                0x10002300                ui_clear_work_area
 .text.debug_log_render_system_screen
                0x10002320      0x17c CMakeFiles/DX7_RP2350_upgrade.dir/services/debug_log.c.o
                0x10002320                debug_log_render_system_screen
 .text.debug_log_print
                0x1000249c       0x1c CMakeFiles/DX7_RP2350_upgrade.dir/services/debug_log.c.o
                0x1000249c                debug_log_print
 .text.system_mode_render
                0x100024b8       0x14 CMakeFiles/DX7_RP2350_upgrade.dir/modes/system_mode.c.o
                0x100024b8                system_mode_render
 .text.system_mode_update
                0x100024cc        0xc CMakeFiles/DX7_RP2350_upgrade.dir/modes/system_mode.c.o
                0x100024cc                system_mode_update
 .text.play_mode_render
                0x100024d8      0x13c CMakeFiles/DX7_RP2350_upgrade.dir/modes/play_mode.c.o
                0x100024d8                play_mode_render
 .text.play_mode_update
                0x10002614       0x40 CMakeFiles/DX7_RP2350_upgrade.dir/modes/play_mode.c.o
                0x10002614                play_mode_update
 .text.sd_review_update
                0x10002654       0x58 CMakeFiles/DX7_RP2350_upgrade.dir/modes/sd_review.c.o
                0x10002654                sd_review_update
 .text.sd_review_render
                0x100026ac        0x4 CMakeFiles/DX7_RP2350_upgrade.dir/modes/sd_review.c.o
                0x100026ac                sd_review_render
 .text.midi_bridge_update
                0x100026b0        0x4 CMakeFiles/DX7_RP2350_upgrade.dir/modes/midi_bridge_mode.c.o
                0x100026b0                midi_bridge_update
 .text.midi_bridge_render
                0x100026b4        0x4 CMakeFiles/DX7_RP2350_upgrade.dir/modes/midi_bridge_mode.c.o
                0x100026b4                midi_bridge_render
 .text.get_fileinfo.part.0.constprop.0.isra.0
                0x100026b8      0x160 CMakeFiles/DX7_RP2350_upgrade.dir/lib/fatfs/ff.c.o
 .text.sync_fs  0x10002818       0xac CMakeFiles/DX7_RP2350_upgrade.dir/lib/fatfs/ff.c.o
 .text.move_window
                0x100028c4       0x64 CMakeFiles/DX7_RP2350_upgrade.dir/lib/fatfs/ff.c.o
 .text.put_fat.part.0
                0x10002928      0x10c CMakeFiles/DX7_RP2350_upgrade.dir/lib/fatfs/ff.c.o
 .text.get_fat.isra.0
                0x10002a34       0xac CMakeFiles/DX7_RP2350_upgrade.dir/lib/fatfs/ff.c.o
 .text.dir_read.constprop.0
                0x10002ae0      0x12c CMakeFiles/DX7_RP2350_upgrade.dir/lib/fatfs/ff.c.o
 .text.check_fs
                0x10002c0c       0xe8 CMakeFiles/DX7_RP2350_upgrade.dir/lib/fatfs/ff.c.o
 .text.mount_volume
                0x10002cf4      0x280 CMakeFiles/DX7_RP2350_upgrade.dir/lib/fatfs/ff.c.o
 .text.dir_sdi.constprop.0
                0x10002f74      0x10c CMakeFiles/DX7_RP2350_upgrade.dir/lib/fatfs/ff.c.o
 .text.follow_path
                0x10003080      0x2c4 CMakeFiles/DX7_RP2350_upgrade.dir/lib/fatfs/ff.c.o
 .text.create_chain
                0x10003344      0x1f4 CMakeFiles/DX7_RP2350_upgrade.dir/lib/fatfs/ff.c.o
 .text.dir_register
                0x10003538      0x288 CMakeFiles/DX7_RP2350_upgrade.dir/lib/fatfs/ff.c.o
 .text.remove_chain
                0x100037c0      0x208 CMakeFiles/DX7_RP2350_upgrade.dir/lib/fatfs/ff.c.o
 .text.f_mount  0x100039c8       0x60 CMakeFiles/DX7_RP2350_upgrade.dir/lib/fatfs/ff.c.o
                0x100039c8                f_mount
 .text.f_open   0x10003a28      0x1ec CMakeFiles/DX7_RP2350_upgrade.dir/lib/fatfs/ff.c.o
                0x10003a28                f_open
 .text.f_read   0x10003c14      0x1ac CMakeFiles/DX7_RP2350_upgrade.dir/lib/fatfs/ff.c.o
                0x10003c14                f_read
 .text.f_write  0x10003dc0      0x1e8 CMakeFiles/DX7_RP2350_upgrade.dir/lib/fatfs/ff.c.o
                0x10003dc0                f_write
 .text.f_close  0x10003fa8       0xcc CMakeFiles/DX7_RP2350_upgrade.dir/lib/fatfs/ff.c.o
                0x10003fa8                f_close
 .text.f_opendir
                0x10004074       0x70 CMakeFiles/DX7_RP2350_upgrade.dir/lib/fatfs/ff.c.o
                0x10004074                f_opendir
 .text.f_closedir
                0x100040e4       0x30 CMakeFiles/DX7_RP2350_upgrade.dir/lib/fatfs/ff.c.o
                0x100040e4                f_closedir
 .text.f_readdir
                0x10004114       0xec CMakeFiles/DX7_RP2350_upgrade.dir/lib/fatfs/ff.c.o
                0x10004114                f_readdir
 .text.f_stat   0x10004200       0x58 CMakeFiles/DX7_RP2350_upgrade.dir/lib/fatfs/ff.c.o
                0x10004200                f_stat
 .text.f_mkdir  0x10004258      0x248 CMakeFiles/DX7_RP2350_upgrade.dir/lib/fatfs/ff.c.o
                0x10004258                f_mkdir
 .text.disk_status
                0x100044a0        0x8 CMakeFiles/DX7_RP2350_upgrade.dir/lib/fatfs/diskio.c.o
                0x100044a0                disk_status
 .text.disk_initialize
                0x100044a8       0x14 CMakeFiles/DX7_RP2350_upgrade.dir/lib/fatfs/diskio.c.o
                0x100044a8                disk_initialize
 .text.disk_read
                0x100044bc        0xc CMakeFiles/DX7_RP2350_upgrade.dir/lib/fatfs/diskio.c.o
                0x100044bc                disk_read
 .text.disk_write
                0x100044c8        0xc CMakeFiles/DX7_RP2350_upgrade.dir/lib/fatfs/diskio.c.o
                0x100044c8                disk_write
 .text.disk_ioctl
                0x100044d4       0x24 CMakeFiles/DX7_RP2350_upgrade.dir/lib/fatfs/diskio.c.o
                0x100044d4                disk_ioctl
 .text.gpio_set_function
                0x100044f8       0x3c CMakeFiles/DX7_RP2350_upgrade.dir/Users/vladistone/MyTools/Pico/pico-sdk/src/rp2_common/hardware_gpio/gpio.c.o
                0x100044f8                gpio_set_function
 .text.gpio_set_pulls
                0x10004534       0x28 CMakeFiles/DX7_RP2350_upgrade.dir/Users/vladistone/MyTools/Pico/pico-sdk/src/rp2_common/hardware_gpio/gpio.c.o
                0x10004534                gpio_set_pulls
 .text.gpio_set_drive_strength
                0x1000455c       0x20 CMakeFiles/DX7_RP2350_upgrade.dir/Users/vladistone/MyTools/Pico/pico-sdk/src/rp2_common/hardware_gpio/gpio.c.o
                0x1000455c                gpio_set_drive_strength
 .text.gpio_init
                0x1000457c       0x48 CMakeFiles/DX7_RP2350_upgrade.dir/Users/vladistone/MyTools/Pico/pico-sdk/src/rp2_common/hardware_gpio/gpio.c.o
                0x1000457c                gpio_init
 .text.panic    0x100045c4       0x30 CMakeFiles/DX7_RP2350_upgrade.dir/Users/vladistone/MyTools/Pico/pico-sdk/src/rp2_common/pico_platform_panic/panic.c.o
                0x100045c4                panic
 .text.hw_claim_or_assert
                0x100045f4       0x58 CMakeFiles/DX7_RP2350_upgrade.dir/Users/vladistone/MyTools/Pico/pico-sdk/src/common/hardware_claim/claim.c.o
                0x100045f4                hw_claim_or_assert
 .text.hw_claim_unused_from_range
                0x1000464c       0x9c CMakeFiles/DX7_RP2350_upgrade.dir/Users/vladistone/MyTools/Pico/pico-sdk/src/common/hardware_claim/claim.c.o
                0x1000464c                hw_claim_unused_from_range
 .text.next_striped_spin_lock_num
                0x100046e8       0x18 CMakeFiles/DX7_RP2350_upgrade.dir/Users/vladistone/MyTools/Pico/pico-sdk/src/rp2_common/hardware_sync/sync.c.o
                0x100046e8                next_striped_spin_lock_num
 .text.spin_lock_claim_unused
                0x10004700       0x20 CMakeFiles/DX7_RP2350_upgrade.dir/Users/vladistone/MyTools/Pico/pico-sdk/src/rp2_common/hardware_sync/sync.c.o
                0x10004700                spin_lock_claim_unused
 .text.spinlock_set_extexclall
                0x10004720       0x10 CMakeFiles/DX7_RP2350_upgrade.dir/Users/vladistone/MyTools/Pico/pico-sdk/src/rp2_common/hardware_sync_spin_lock/sync_spin_lock.c.o
 .text.spin_locks_reset
                0x10004730       0x18 CMakeFiles/DX7_RP2350_upgrade.dir/Users/vladistone/MyTools/Pico/pico-sdk/src/rp2_common/hardware_sync_spin_lock/sync_spin_lock.c.o
                0x10004730                spin_locks_reset
 .text.runtime_init_per_core_irq_priorities
                0x10004748       0x40 CMakeFiles/DX7_RP2350_upgrade.dir/Users/vladistone/MyTools/Pico/pico-sdk/src/rp2_common/hardware_irq/irq.c.o
                0x10004748                runtime_init_per_core_irq_priorities
 .text.irq_set_enabled
                0x10004788       0x2c CMakeFiles/DX7_RP2350_upgrade.dir/Users/vladistone/MyTools/Pico/pico-sdk/src/rp2_common/hardware_irq/irq.c.o
                0x10004788                irq_set_enabled
 .text.irq_is_enabled
                0x100047b4       0x20 CMakeFiles/DX7_RP2350_upgrade.dir/Users/vladistone/MyTools/Pico/pico-sdk/src/rp2_common/hardware_irq/irq.c.o
                0x100047b4                irq_is_enabled
 .text.irq_set_pending
                0x100047d4       0x18 CMakeFiles/DX7_RP2350_upgrade.dir/Users/vladistone/MyTools/Pico/pico-sdk/src/rp2_common/hardware_irq/irq.c.o
                0x100047d4                irq_set_pending
 .text.irq_has_shared_handler
                0x100047ec       0x20 CMakeFiles/DX7_RP2350_upgrade.dir/Users/vladistone/MyTools/Pico/pico-sdk/src/rp2_common/hardware_irq/irq.c.o
                0x100047ec                irq_has_shared_handler
 .text.irq_set_exclusive_handler
                0x1000480c       0x5c CMakeFiles/DX7_RP2350_upgrade.dir/Users/vladistone/MyTools/Pico/pico-sdk/src/rp2_common/hardware_irq/irq.c.o
                0x1000480c                irq_set_exclusive_handler
 .text.irq_add_shared_handler
                0x10004868      0x1c0 CMakeFiles/DX7_RP2350_upgrade.dir/Users/vladistone/MyTools/Pico/pico-sdk/src/rp2_common/hardware_irq/irq.c.o
                0x10004868                irq_add_shared_handler
 .text.irq_remove_handler
                0x10004a28      0x1f4 CMakeFiles/DX7_RP2350_upgrade.dir/Users/vladistone/MyTools/Pico/pico-sdk/src/rp2_common/hardware_irq/irq.c.o
                0x10004a28                irq_remove_handler
 .text.irq_add_tail_to_free_list
                0x10004c1c       0xd4 CMakeFiles/DX7_RP2350_upgrade.dir/Users/vladistone/MyTools/Pico/pico-sdk/src/rp2_common/hardware_irq/irq.c.o
                0x10004c1c                irq_add_tail_to_free_list
 .text.user_irq_claim_unused
                0x10004cf0       0x28 CMakeFiles/DX7_RP2350_upgrade.dir/Users/vladistone/MyTools/Pico/pico-sdk/src/rp2_common/hardware_irq/irq.c.o
                0x10004cf0                user_irq_claim_unused
 .text.lock_init
                0x10004d18        0xc CMakeFiles/DX7_RP2350_upgrade.dir/Users/vladistone/MyTools/Pico/pico-sdk/src/common/pico_sync/lock_core.c.o
                0x10004d18                lock_init
 .text.runtime_init_mutex
                0x10004d24       0x4c CMakeFiles/DX7_RP2350_upgrade.dir/Users/vladistone/MyTools/Pico/pico-sdk/src/common/pico_sync/mutex.c.o
                0x10004d24                runtime_init_mutex
 .text.mutex_init
                0x10004d70       0x1c CMakeFiles/DX7_RP2350_upgrade.dir/Users/vladistone/MyTools/Pico/pico-sdk/src/common/pico_sync/mutex.c.o
                0x10004d70                mutex_init
 .text.critical_section_init
                0x10004d8c       0x1c CMakeFiles/DX7_RP2350_upgrade.dir/Users/vladistone/MyTools/Pico/pico-sdk/src/common/pico_sync/critical_section.c.o
                0x10004d8c                critical_section_init
 .text.critical_section_init_with_lock_num
                0x10004da8       0x10 CMakeFiles/DX7_RP2350_upgrade.dir/Users/vladistone/MyTools/Pico/pico-sdk/src/common/pico_sync/critical_section.c.o
                0x10004da8                critical_section_init_with_lock_num
 .text.sleep_until_callback
                0x10004db8       0x4c CMakeFiles/DX7_RP2350_upgrade.dir/Users/vladistone/MyTools/Pico/pico-sdk/src/common/pico_time/time.c.o
 *fill*         0x10004e04        0x4 
 .text.alarm_pool_irq_handler
                0x10004e08      0x2f0 CMakeFiles/DX7_RP2350_upgrade.dir/Users/vladistone/MyTools/Pico/pico-sdk/src/common/pico_time/time.c.o
 .text.runtime_init_default_alarm_pool
                0x100050f8      0x100 CMakeFiles/DX7_RP2350_upgrade.dir/Users/vladistone/MyTools/Pico/pico-sdk/src/common/pico_time/time.c.o
                0x100050f8                runtime_init_default_alarm_pool
 .text.alarm_pool_get_default
                0x100051f8        0x8 CMakeFiles/DX7_RP2350_upgrade.dir/Users/vladistone/MyTools/Pico/pico-sdk/src/common/pico_time/time.c.o
                0x100051f8                alarm_pool_get_default
 .text.alarm_pool_add_alarm_at
                0x10005200       0xdc CMakeFiles/DX7_RP2350_upgrade.dir/Users/vladistone/MyTools/Pico/pico-sdk/src/common/pico_time/time.c.o
                0x10005200                alarm_pool_add_alarm_at
 .text.alarm_pool_add_alarm_at_force_in_context
                0x100052dc       0xc8 CMakeFiles/DX7_RP2350_upgrade.dir/Users/vladistone/MyTools/Pico/pico-sdk/src/common/pico_time/time.c.o
                0x100052dc                alarm_pool_add_alarm_at_force_in_context
 .text.alarm_pool_cancel_alarm
                0x100053a4       0x80 CMakeFiles/DX7_RP2350_upgrade.dir/Users/vladistone/MyTools/Pico/pico-sdk/src/common/pico_time/time.c.o
                0x100053a4                alarm_pool_cancel_alarm
 .text.alarm_pool_core_num
                0x10005424        0x4 CMakeFiles/DX7_RP2350_upgrade.dir/Users/vladistone/MyTools/Pico/pico-sdk/src/common/pico_time/time.c.o
                0x10005424                alarm_pool_core_num
 .text.sleep_until
                0x10005428       0xd4 CMakeFiles/DX7_RP2350_upgrade.dir/Users/vladistone/MyTools/Pico/pico-sdk/src/common/pico_time/time.c.o
                0x10005428                sleep_until
 .text.sleep_ms
                0x100054fc       0x2c CMakeFiles/DX7_RP2350_upgrade.dir/Users/vladistone/MyTools/Pico/pico-sdk/src/common/pico_time/time.c.o
                0x100054fc                sleep_ms
 .text.best_effort_wfe_or_timeout
                0x10005528       0xd4 CMakeFiles/DX7_RP2350_upgrade.dir/Users/vladistone/MyTools/Pico/pico-sdk/src/common/pico_time/time.c.o
                0x10005528                best_effort_wfe_or_timeout
 .text.timer_hardware_alarm_claim
                0x100055fc       0x24 CMakeFiles/DX7_RP2350_upgrade.dir/Users/vladistone/MyTools/Pico/pico-sdk/src/rp2_common/hardware_timer/timer.c.o
                0x100055fc                timer_hardware_alarm_claim
 .text.timer_time_us_64
                0x10005620       0x10 CMakeFiles/DX7_RP2350_upgrade.dir/Users/vladistone/MyTools/Pico/pico-sdk/src/rp2_common/hardware_timer/timer.c.o
                0x10005620                timer_time_us_64
 .text.time_us_64
                0x10005630       0x14 CMakeFiles/DX7_RP2350_upgrade.dir/Users/vladistone/MyTools/Pico/pico-sdk/src/rp2_common/hardware_timer/timer.c.o
                0x10005630                time_us_64
 .text.busy_wait_us
                0x10005644       0x64 CMakeFiles/DX7_RP2350_upgrade.dir/Users/vladistone/MyTools/Pico/pico-sdk/src/rp2_common/hardware_timer/timer.c.o
                0x10005644                busy_wait_us
 .text.busy_wait_until
                0x100056a8       0x24 CMakeFiles/DX7_RP2350_upgrade.dir/Users/vladistone/MyTools/Pico/pico-sdk/src/rp2_common/hardware_timer/timer.c.o
                0x100056a8                busy_wait_until
 .text.uart_init
                0x100056cc      0x104 CMakeFiles/DX7_RP2350_upgrade.dir/Users/vladistone/MyTools/Pico/pico-sdk/src/rp2_common/hardware_uart/uart.c.o
                0x100056cc                uart_init
 .text.clock_configure_undivided
                0x100057d0       0xd0 CMakeFiles/DX7_RP2350_upgrade.dir/Users/vladistone/MyTools/Pico/pico-sdk/src/rp2_common/hardware_clocks/clocks.c.o
                0x100057d0                clock_configure_undivided
 .text.clock_get_hz
                0x100058a0        0xc CMakeFiles/DX7_RP2350_upgrade.dir/Users/vladistone/MyTools/Pico/pico-sdk/src/rp2_common/hardware_clocks/clocks.c.o
                0x100058a0                clock_get_hz
 .text.pll_init
                0x100058ac       0x8c CMakeFiles/DX7_RP2350_upgrade.dir/Users/vladistone/MyTools/Pico/pico-sdk/src/rp2_common/hardware_pll/pll.c.o
                0x100058ac                pll_init
 .text.watchdog_reboot
                0x10005938       0x98 CMakeFiles/DX7_RP2350_upgrade.dir/Users/vladistone/MyTools/Pico/pico-sdk/src/rp2_common/hardware_watchdog/watchdog.c.o
                0x10005938                watchdog_reboot
 .text.tick_start
                0x100059d0       0x18 CMakeFiles/DX7_RP2350_upgrade.dir/Users/vladistone/MyTools/Pico/pico-sdk/src/rp2_common/hardware_ticks/ticks.c.o
                0x100059d0                tick_start
 .text.rom_reboot.constprop.0.isra.0
                0x100059e8       0x34 CMakeFiles/DX7_RP2350_upgrade.dir/Users/vladistone/MyTools/Pico/pico-sdk/src/rp2_common/pico_bootrom/bootrom.c.o
 .text.rom_func_lookup
                0x10005a1c       0x18 CMakeFiles/DX7_RP2350_upgrade.dir/Users/vladistone/MyTools/Pico/pico-sdk/src/rp2_common/pico_bootrom/bootrom.c.o
                0x10005a1c                rom_func_lookup
 .text.rom_reset_usb_boot_extra
                0x10005a34       0x30 CMakeFiles/DX7_RP2350_upgrade.dir/Users/vladistone/MyTools/Pico/pico-sdk/src/rp2_common/pico_bootrom/bootrom.c.o
                0x10005a34                rom_reset_usb_boot_extra
 .text.runtime_init_bootrom_locking_enable
                0x10005a64       0x14 CMakeFiles/DX7_RP2350_upgrade.dir/Users/vladistone/MyTools/Pico/pico-sdk/src/rp2_common/pico_bootrom/bootrom_lock.c.o
                0x10005a64                runtime_init_bootrom_locking_enable
 .text.runtime_init_boot_locks_reset
                0x10005a78       0x1c CMakeFiles/DX7_RP2350_upgrade.dir/Users/vladistone/MyTools/Pico/pico-sdk/src/rp2_common/hardware_boot_lock/boot_lock.c.o
                0x10005a78                runtime_init_boot_locks_reset
 .text.xosc_init
                0x10005a94       0x30 CMakeFiles/DX7_RP2350_upgrade.dir/Users/vladistone/MyTools/Pico/pico-sdk/src/rp2_common/hardware_xosc/xosc.c.o
                0x10005a94                xosc_init
 .text.first_per_core_initializer
                0x10005ac4        0x4 CMakeFiles/DX7_RP2350_upgrade.dir/Users/vladistone/MyTools/Pico/pico-sdk/src/rp2_common/pico_runtime/runtime.c.o
 .text.hard_assertion_failure
                0x10005ac8        0xc CMakeFiles/DX7_RP2350_upgrade.dir/Users/vladistone/MyTools/Pico/pico-sdk/src/rp2_common/pico_runtime/runtime.c.o
                0x10005ac8                hard_assertion_failure
 .text.runtime_run_initializers
                0x10005ad4       0x20 CMakeFiles/DX7_RP2350_upgrade.dir/Users/vladistone/MyTools/Pico/pico-sdk/src/rp2_common/pico_runtime/runtime.c.o
                0x10005ad4                runtime_run_initializers
 .text.runtime_init_early_resets
                0x10005af4       0x34 CMakeFiles/DX7_RP2350_upgrade.dir/Users/vladistone/MyTools/Pico/pico-sdk/src/rp2_common/pico_runtime_init/runtime_init.c.o
                0x10005af4                runtime_init_early_resets
 .text.runtime_init_usb_power_down
                0x10005b28       0x1c CMakeFiles/DX7_RP2350_upgrade.dir/Users/vladistone/MyTools/Pico/pico-sdk/src/rp2_common/pico_runtime_init/runtime_init.c.o
                0x10005b28                runtime_init_usb_power_down
 .text.runtime_init_per_core_enable_coprocessors
                0x10005b44       0x1c CMakeFiles/DX7_RP2350_upgrade.dir/Users/vladistone/MyTools/Pico/pico-sdk/src/rp2_common/pico_runtime_init/runtime_init.c.o
                0x10005b44                runtime_init_per_core_enable_coprocessors
 .text.runtime_init_post_clock_resets
                0x10005b60       0x20 CMakeFiles/DX7_RP2350_upgrade.dir/Users/vladistone/MyTools/Pico/pico-sdk/src/rp2_common/pico_runtime_init/runtime_init.c.o
                0x10005b60                runtime_init_post_clock_resets
 .text.runtime_init_bootrom_reset
                0x10005b80       0x14 CMakeFiles/DX7_RP2350_upgrade.dir/Users/vladistone/MyTools/Pico/pico-sdk/src/rp2_common/pico_runtime_init/runtime_init.c.o
                0x10005b80                runtime_init_bootrom_reset
 .text.runtime_init_per_core_bootrom_reset
                0x10005b94       0x14 CMakeFiles/DX7_RP2350_upgrade.dir/Users/vladistone/MyTools/Pico/pico-sdk/src/rp2_common/pico_runtime_init/runtime_init.c.o
                0x10005b94                runtime_init_per_core_bootrom_reset
 .text.runtime_init_spin_locks_reset
                0x10005ba8        0x4 CMakeFiles/DX7_RP2350_upgrade.dir/Users/vladistone/MyTools/Pico/pico-sdk/src/rp2_common/pico_runtime_init/runtime_init.c.o
                0x10005ba8                runtime_init_spin_locks_reset
 .text.runtime_init_install_ram_vector_table
                0x10005bac       0x64 CMakeFiles/DX7_RP2350_upgrade.dir/Users/vladistone/MyTools/Pico/pico-sdk/src/rp2_common/pico_runtime_init/runtime_init.c.o
                0x10005bac                runtime_init_install_ram_vector_table
 .text.runtime_init_clocks
                0x10005c10       0xdc CMakeFiles/DX7_RP2350_upgrade.dir/Users/vladistone/MyTools/Pico/pico-sdk/src/rp2_common/pico_runtime_init/runtime_init_clocks.c.o
                0x10005c10                runtime_init_clocks
 .text.__rp2350_dcp_engaged_state_save_restore
                0x10005cec       0x3a CMakeFiles/DX7_RP2350_upgrade.dir/Users/vladistone/MyTools/Pico/pico-sdk/src/rp2_common/pico_double/double_aeabi_dcp.S.o
 *fill*         0x10005d26        0x2 
 .text.__wrap___aeabi_dadd
                0x10005d28       0x28 CMakeFiles/DX7_RP2350_upgrade.dir/Users/vladistone/MyTools/Pico/pico-sdk/src/rp2_common/pico_double/double_aeabi_dcp.S.o
                0x10005d30                __wrap___aeabi_dadd
 .text.__wrap___aeabi_dsub
                0x10005d50       0x28 CMakeFiles/DX7_RP2350_upgrade.dir/Users/vladistone/MyTools/Pico/pico-sdk/src/rp2_common/pico_double/double_aeabi_dcp.S.o
                0x10005d58                __wrap___aeabi_dsub
 .text.__wrap___aeabi_dmul
                0x10005d78       0x48 CMakeFiles/DX7_RP2350_upgrade.dir/Users/vladistone/MyTools/Pico/pico-sdk/src/rp2_common/pico_double/double_aeabi_dcp.S.o
                0x10005d80                __wrap___aeabi_dmul
 .text.__wrap___aeabi_ddiv
                0x10005dc0       0x9c CMakeFiles/DX7_RP2350_upgrade.dir/Users/vladistone/MyTools/Pico/pico-sdk/src/rp2_common/pico_double/double_aeabi_dcp.S.o
                0x10005dc8                __wrap___aeabi_ddiv
 .text.__wrap___aeabi_d2f
                0x10005e5c       0x1c CMakeFiles/DX7_RP2350_upgrade.dir/Users/vladistone/MyTools/Pico/pico-sdk/src/rp2_common/pico_double/double_aeabi_dcp.S.o
                0x10005e64                double2float
                0x10005e64                __wrap___aeabi_d2f
 .text.__wrap___aeabi_i2d
                0x10005e78       0x24 CMakeFiles/DX7_RP2350_upgrade.dir/Users/vladistone/MyTools/Pico/pico-sdk/src/rp2_common/pico_double/double_aeabi_dcp.S.o
                0x10005e80                __wrap___aeabi_i2d
                0x10005e80                int2double
 .text.__wrap___aeabi_ui2d
                0x10005e9c       0x24 CMakeFiles/DX7_RP2350_upgrade.dir/Users/vladistone/MyTools/Pico/pico-sdk/src/rp2_common/pico_double/double_aeabi_dcp.S.o
                0x10005ea4                __wrap___aeabi_ui2d
                0x10005ea4                uint2double
 .text.__wrap___aeabi_d2iz
                0x10005ec0       0x24 CMakeFiles/DX7_RP2350_upgrade.dir/Users/vladistone/MyTools/Pico/pico-sdk/src/rp2_common/pico_double/double_aeabi_dcp.S.o
                0x10005ec8                __wrap___aeabi_d2iz
                0x10005ec8                double2int_z
 .text.__wrap___aeabi_d2uiz
                0x10005ee4       0x24 CMakeFiles/DX7_RP2350_upgrade.dir/Users/vladistone/MyTools/Pico/pico-sdk/src/rp2_common/pico_double/double_aeabi_dcp.S.o
                0x10005eec                double2uint_z
                0x10005eec                double2uint
                0x10005eec                __wrap___aeabi_d2uiz
 .text.__wrap___aeabi_dcmpun
                0x10005f08       0x24 CMakeFiles/DX7_RP2350_upgrade.dir/Users/vladistone/MyTools/Pico/pico-sdk/src/rp2_common/pico_double/double_aeabi_dcp.S.o
                0x10005f10                __wrap___aeabi_dcmpun
 .text.__wrap___aeabi_dcmplt
                0x10005f2c       0x28 CMakeFiles/DX7_RP2350_upgrade.dir/Users/vladistone/MyTools/Pico/pico-sdk/src/rp2_common/pico_double/double_aeabi_dcp.S.o
                0x10005f34                __wrap___aeabi_dcmplt
 .text.__wrap___aeabi_dcmpge
                0x10005f54       0x28 CMakeFiles/DX7_RP2350_upgrade.dir/Users/vladistone/MyTools/Pico/pico-sdk/src/rp2_common/pico_double/double_aeabi_dcp.S.o
                0x10005f5c                __wrap___aeabi_dcmpge
 .text.__wrap___aeabi_dcmpgt
                0x10005f7c       0x28 CMakeFiles/DX7_RP2350_upgrade.dir/Users/vladistone/MyTools/Pico/pico-sdk/src/rp2_common/pico_double/double_aeabi_dcp.S.o
                0x10005f84                __wrap___aeabi_dcmpgt
 .text.rtwopi   0x10005fa4       0xa0 CMakeFiles/DX7_RP2350_upgrade.dir/Users/vladistone/MyTools/Pico/pico-sdk/src/rp2_common/pico_double/double_sci_m33.S.o
                0x10005fa8                rtwopi
 .text.drrcore  0x10006044       0x64 CMakeFiles/DX7_RP2350_upgrade.dir/Users/vladistone/MyTools/Pico/pico-sdk/src/rp2_common/pico_double/double_sci_m33.S.o
 .text.__wrap_sin_cos
                0x100060a8      0x434 CMakeFiles/DX7_RP2350_upgrade.dir/Users/vladistone/MyTools/Pico/pico-sdk/src/rp2_common/pico_double/double_sci_m33.S.o
                0x1000623c                __wrap_sincos
                0x10006258                __wrap_sin
                0x10006262                __wrap_cos
 .text.dpack    0x100064dc       0x58 CMakeFiles/DX7_RP2350_upgrade.dir/Users/vladistone/MyTools/Pico/pico-sdk/src/rp2_common/pico_double/double_sci_m33.S.o
 .text.trigtab  0x10006534      0x200 CMakeFiles/DX7_RP2350_upgrade.dir/Users/vladistone/MyTools/Pico/pico-sdk/src/rp2_common/pico_double/double_sci_m33.S.o
                0x10006534                trigtab
 .text._out_buffer
                0x10006734        0x8 CMakeFiles/DX7_RP2350_upgrade.dir/Users/vladistone/MyTools/Pico/pico-sdk/src/rp2_common/pico_printf/printf.c.o
 .text._out_null
                0x1000673c        0x4 CMakeFiles/DX7_RP2350_upgrade.dir/Users/vladistone/MyTools/Pico/pico-sdk/src/rp2_common/pico_printf/printf.c.o
 .text._out_rev
                0x10006740       0x9c CMakeFiles/DX7_RP2350_upgrade.dir/Users/vladistone/MyTools/Pico/pico-sdk/src/rp2_common/pico_printf/printf.c.o
 .text._ntoa_format
                0x100067dc      0x2a4 CMakeFiles/DX7_RP2350_upgrade.dir/Users/vladistone/MyTools/Pico/pico-sdk/src/rp2_common/pico_printf/printf.c.o
 .text._out_char
                0x10006a80        0x8 CMakeFiles/DX7_RP2350_upgrade.dir/Users/vladistone/MyTools/Pico/pico-sdk/src/rp2_common/pico_printf/printf.c.o
 .text._out_fct
                0x10006a88        0xc CMakeFiles/DX7_RP2350_upgrade.dir/Users/vladistone/MyTools/Pico/pico-sdk/src/rp2_common/pico_printf/printf.c.o
 *fill*         0x10006a94        0x4 
 .text._etoa    0x10006a98      0x460 CMakeFiles/DX7_RP2350_upgrade.dir/Users/vladistone/MyTools/Pico/pico-sdk/src/rp2_common/pico_printf/printf.c.o
 .text._ftoa    0x10006ef8      0x3f4 CMakeFiles/DX7_RP2350_upgrade.dir/Users/vladistone/MyTools/Pico/pico-sdk/src/rp2_common/pico_printf/printf.c.o
 .text._vsnprintf
                0x100072ec      0x9e8 CMakeFiles/DX7_RP2350_upgrade.dir/Users/vladistone/MyTools/Pico/pico-sdk/src/rp2_common/pico_printf/printf.c.o
 .text.__wrap_snprintf
                0x10007cd4       0x2c CMakeFiles/DX7_RP2350_upgrade.dir/Users/vladistone/MyTools/Pico/pico-sdk/src/rp2_common/pico_printf/printf.c.o
                0x10007cd4                __wrap_snprintf
 .text.vfctprintf
                0x10007d00       0x28 CMakeFiles/DX7_RP2350_upgrade.dir/Users/vladistone/MyTools/Pico/pico-sdk/src/rp2_common/pico_printf/printf.c.o
                0x10007d00                vfctprintf
 .text.weak_raw_vprintf
                0x10007d28       0x30 CMakeFiles/DX7_RP2350_upgrade.dir/Users/vladistone/MyTools/Pico/pico-sdk/src/rp2_common/pico_printf/printf.c.o
                0x10007d28                weak_raw_vprintf
 .text._exit    0x10007d58        0x4 CMakeFiles/DX7_RP2350_upgrade.dir/Users/vladistone/MyTools/Pico/pico-sdk/src/rp2_common/pico_clib_interface/newlib_interface.c.o
                0x10007d58                _exit
 .text._fini    0x10007d5c        0x4 CMakeFiles/DX7_RP2350_upgrade.dir/Users/vladistone/MyTools/Pico/pico-sdk/src/rp2_common/pico_clib_interface/newlib_interface.c.o
                0x10007d5c                _fini
 .text.exit     0x10007d60        0x8 CMakeFiles/DX7_RP2350_upgrade.dir/Users/vladistone/MyTools/Pico/pico-sdk/src/rp2_common/pico_clib_interface/newlib_interface.c.o
                0x10007d60                exit
 .text.runtime_init
                0x10007d68       0x24 CMakeFiles/DX7_RP2350_upgrade.dir/Users/vladistone/MyTools/Pico/pico-sdk/src/rp2_common/pico_clib_interface/newlib_interface.c.o
                0x10007d68                runtime_init
 .text.stdio_out_chars_no_crlf
                0x10007d8c        0x8 CMakeFiles/DX7_RP2350_upgrade.dir/Users/vladistone/MyTools/Pico/pico-sdk/src/rp2_common/pico_stdio/stdio.c.o
 .text.stdio_out_chars_crlf
                0x10007d94       0xac CMakeFiles/DX7_RP2350_upgrade.dir/Users/vladistone/MyTools/Pico/pico-sdk/src/rp2_common/pico_stdio/stdio.c.o
 .text.stdio_buffered_printer
                0x10007e40       0x50 CMakeFiles/DX7_RP2350_upgrade.dir/Users/vladistone/MyTools/Pico/pico-sdk/src/rp2_common/pico_stdio/stdio.c.o
 .text.stdio_put_string
                0x10007e90       0xf0 CMakeFiles/DX7_RP2350_upgrade.dir/Users/vladistone/MyTools/Pico/pico-sdk/src/rp2_common/pico_stdio/stdio.c.o
                0x10007e90                stdio_put_string
 .text.stdio_set_driver_enabled
                0x10007f80       0x30 CMakeFiles/DX7_RP2350_upgrade.dir/Users/vladistone/MyTools/Pico/pico-sdk/src/rp2_common/pico_stdio/stdio.c.o
                0x10007f80                stdio_set_driver_enabled
 .text.stdio_init_all
                0x10007fb0       0x10 CMakeFiles/DX7_RP2350_upgrade.dir/Users/vladistone/MyTools/Pico/pico-sdk/src/rp2_common/pico_stdio/stdio.c.o
                0x10007fb0                stdio_init_all
 .text.__wrap_putchar
                0x10007fc0       0x84 CMakeFiles/DX7_RP2350_upgrade.dir/Users/vladistone/MyTools/Pico/pico-sdk/src/rp2_common/pico_stdio/stdio.c.o
                0x10007fc0                stdio_putchar
                0x10007fc0                __wrap_putchar
 .text.__wrap_puts
                0x10008044       0x3c CMakeFiles/DX7_RP2350_upgrade.dir/Users/vladistone/MyTools/Pico/pico-sdk/src/rp2_common/pico_stdio/stdio.c.o
                0x10008044                __wrap_puts
                0x10008044                stdio_puts
 .text.__wrap_vprintf
                0x10008080       0xc8 CMakeFiles/DX7_RP2350_upgrade.dir/Users/vladistone/MyTools/Pico/pico-sdk/src/rp2_common/pico_stdio/stdio.c.o
                0x10008080                __wrap_vprintf
                0x10008080                stdio_vprintf
 .text.__wrap_printf
                0x10008148       0x1c CMakeFiles/DX7_RP2350_upgrade.dir/Users/vladistone/MyTools/Pico/pico-sdk/src/rp2_common/pico_stdio/stdio.c.o
                0x10008148                stdio_printf
                0x10008148                __wrap_printf
 .text.stdio_uart_out_chars
                0x10008164       0x50 CMakeFiles/DX7_RP2350_upgrade.dir/Users/vladistone/MyTools/Pico/pico-sdk/src/rp2_common/pico_stdio_uart/stdio_uart.c.o
 .text.stdio_uart_in_chars
                0x100081b4       0x94 CMakeFiles/DX7_RP2350_upgrade.dir/Users/vladistone/MyTools/Pico/pico-sdk/src/rp2_common/pico_stdio_uart/stdio_uart.c.o
                0x100081b4                stdio_uart_in_chars
 .text.on_uart_rx
                0x10008248       0x24 CMakeFiles/DX7_RP2350_upgrade.dir/Users/vladistone/MyTools/Pico/pico-sdk/src/rp2_common/pico_stdio_uart/stdio_uart.c.o
 .text.stdio_uart_out_flush
                0x1000826c       0x10 CMakeFiles/DX7_RP2350_upgrade.dir/Users/vladistone/MyTools/Pico/pico-sdk/src/rp2_common/pico_stdio_uart/stdio_uart.c.o
 .text.stdio_uart_set_chars_available_callback
                0x1000827c       0x88 CMakeFiles/DX7_RP2350_upgrade.dir/Users/vladistone/MyTools/Pico/pico-sdk/src/rp2_common/pico_stdio_uart/stdio_uart.c.o
 .text.stdio_uart_init
                0x10008304       0x54 CMakeFiles/DX7_RP2350_upgrade.dir/Users/vladistone/MyTools/Pico/pico-sdk/src/rp2_common/pico_stdio_uart/stdio_uart.c.o
                0x10008304                stdio_uart_init
 .text.stdio_usb_set_chars_available_callback
                0x10008358       0x14 CMakeFiles/DX7_RP2350_upgrade.dir/Users/vladistone/MyTools/Pico/pico-sdk/src/rp2_common/pico_stdio_usb/stdio_usb.c.o
                0x10008358                stdio_usb_set_chars_available_callback
 .text.timer_task
                0x1000836c       0x70 CMakeFiles/DX7_RP2350_upgrade.dir/Users/vladistone/MyTools/Pico/pico-sdk/src/rp2_common/pico_stdio_usb/stdio_usb.c.o
 .text.usb_irq  0x100083dc        0xc CMakeFiles/DX7_RP2350_upgrade.dir/Users/vladistone/MyTools/Pico/pico-sdk/src/rp2_common/pico_stdio_usb/stdio_usb.c.o
 .text.stdio_usb_in_chars
                0x100083e8       0x88 CMakeFiles/DX7_RP2350_upgrade.dir/Users/vladistone/MyTools/Pico/pico-sdk/src/rp2_common/pico_stdio_usb/stdio_usb.c.o
                0x100083e8                stdio_usb_in_chars
 .text.stdio_usb_out_flush
                0x10008470       0x54 CMakeFiles/DX7_RP2350_upgrade.dir/Users/vladistone/MyTools/Pico/pico-sdk/src/rp2_common/pico_stdio_usb/stdio_usb.c.o
 .text.stdio_usb_out_chars
                0x100084c4       0xf4 CMakeFiles/DX7_RP2350_upgrade.dir/Users/vladistone/MyTools/Pico/pico-sdk/src/rp2_common/pico_stdio_usb/stdio_usb.c.o
 .text.low_priority_worker_irq
                0x100085b8       0xd8 CMakeFiles/DX7_RP2350_upgrade.dir/Users/vladistone/MyTools/Pico/pico-sdk/src/rp2_common/pico_stdio_usb/stdio_usb.c.o
 .text.stdio_usb_init
                0x10008690       0xe8 CMakeFiles/DX7_RP2350_upgrade.dir/Users/vladistone/MyTools/Pico/pico-sdk/src/rp2_common/pico_stdio_usb/stdio_usb.c.o
                0x10008690                stdio_usb_init
 .text.tud_descriptor_device_cb
                0x10008778        0x8 CMakeFiles/DX7_RP2350_upgrade.dir/Users/vladistone/MyTools/Pico/pico-sdk/src/rp2_common/pico_stdio_usb/stdio_usb_descriptors.c.o
                0x10008778                tud_descriptor_device_cb
 .text.tud_descriptor_configuration_cb
                0x10008780        0x8 CMakeFiles/DX7_RP2350_upgrade.dir/Users/vladistone/MyTools/Pico/pico-sdk/src/rp2_common/pico_stdio_usb/stdio_usb_descriptors.c.o
                0x10008780                tud_descriptor_configuration_cb
 .text.tud_descriptor_string_cb
                0x10008788       0x70 CMakeFiles/DX7_RP2350_upgrade.dir/Users/vladistone/MyTools/Pico/pico-sdk/src/rp2_common/pico_stdio_usb/stdio_usb_descriptors.c.o
                0x10008788                tud_descriptor_string_cb
 .text.startup._retrieve_unique_id_on_boot
                0x100087f8       0x30 CMakeFiles/DX7_RP2350_upgrade.dir/Users/vladistone/MyTools/Pico/pico-sdk/src/rp2_common/pico_unique_id/unique_id.c.o
 .text.pico_get_unique_board_id_string
                0x10008828      0x184 CMakeFiles/DX7_RP2350_upgrade.dir/Users/vladistone/MyTools/Pico/pico-sdk/src/rp2_common/pico_unique_id/unique_id.c.o
                0x10008828                pico_get_unique_board_id_string
 .text.usb_reset_interface_init
                0x100089ac        0x4 CMakeFiles/DX7_RP2350_upgrade.dir/Users/vladistone/MyTools/Pico/pico-sdk/src/rp2_common/pico_usb_reset/usb_reset.c.o
                0x100089ac                usb_reset_interface_init
 .text.usb_reset_interface_reset
                0x100089b0        0xc CMakeFiles/DX7_RP2350_upgrade.dir/Users/vladistone/MyTools/Pico/pico-sdk/src/rp2_common/pico_usb_reset/usb_reset.c.o
                0x100089b0                usb_reset_interface_reset
 .text.usb_reset_interface_open
                0x100089bc       0x28 CMakeFiles/DX7_RP2350_upgrade.dir/Users/vladistone/MyTools/Pico/pico-sdk/src/rp2_common/pico_usb_reset/usb_reset.c.o
                0x100089bc                usb_reset_interface_open
 .text.usb_reset_interface_xfer_cb
                0x100089e4        0x4 CMakeFiles/DX7_RP2350_upgrade.dir/Users/vladistone/MyTools/Pico/pico-sdk/src/rp2_common/pico_usb_reset/usb_reset.c.o
                0x100089e4                usb_reset_interface_xfer_cb
 .text.usb_reset_interface_control_xfer_cb
                0x100089e8       0x50 CMakeFiles/DX7_RP2350_upgrade.dir/Users/vladistone/MyTools/Pico/pico-sdk/src/rp2_common/pico_usb_reset/usb_reset.c.o
                0x100089e8                usb_reset_interface_control_xfer_cb
 .text.tud_descriptor_bos_cb
                0x10008a38        0x8 CMakeFiles/DX7_RP2350_upgrade.dir/Users/vladistone/MyTools/Pico/pico-sdk/src/rp2_common/pico_usb_reset/usb_reset.c.o
                0x10008a38                tud_descriptor_bos_cb
 .text.tud_vendor_control_xfer_cb
                0x10008a40       0x28 CMakeFiles/DX7_RP2350_upgrade.dir/Users/vladistone/MyTools/Pico/pico-sdk/src/rp2_common/pico_usb_reset/usb_reset.c.o
                0x10008a40                tud_vendor_control_xfer_cb
 .text.usbd_app_driver_get_cb
                0x10008a68       0x10 CMakeFiles/DX7_RP2350_upgrade.dir/Users/vladistone/MyTools/Pico/pico-sdk/src/rp2_common/pico_usb_reset/usb_reset.c.o
                0x10008a68                usbd_app_driver_get_cb
 .text.tud_cdc_line_coding_cb
                0x10008a78       0x18 CMakeFiles/DX7_RP2350_upgrade.dir/Users/vladistone/MyTools/Pico/pico-sdk/src/rp2_common/pico_usb_reset/usb_reset.c.o
                0x10008a78                tud_cdc_line_coding_cb
 .text.dcd_rp2040_irq
                0x10008a90      0x2fc CMakeFiles/DX7_RP2350_upgrade.dir/Users/vladistone/MyTools/Pico/pico-sdk/lib/tinyusb/src/portable/raspberrypi/rp2040/dcd_rp2040.c.o
 .text.dcd_init
                0x10008d8c       0xcc CMakeFiles/DX7_RP2350_upgrade.dir/Users/vladistone/MyTools/Pico/pico-sdk/lib/tinyusb/src/portable/raspberrypi/rp2040/dcd_rp2040.c.o
                0x10008d8c                dcd_init
 .text.dcd_int_enable
                0x10008e58        0x8 CMakeFiles/DX7_RP2350_upgrade.dir/Users/vladistone/MyTools/Pico/pico-sdk/lib/tinyusb/src/portable/raspberrypi/rp2040/dcd_rp2040.c.o
                0x10008e58                dcd_int_enable
 .text.dcd_set_address
                0x10008e60       0x24 CMakeFiles/DX7_RP2350_upgrade.dir/Users/vladistone/MyTools/Pico/pico-sdk/lib/tinyusb/src/portable/raspberrypi/rp2040/dcd_rp2040.c.o
                0x10008e60                dcd_set_address
 .text.dcd_sof_enable
                0x10008e84       0x28 CMakeFiles/DX7_RP2350_upgrade.dir/Users/vladistone/MyTools/Pico/pico-sdk/lib/tinyusb/src/portable/raspberrypi/rp2040/dcd_rp2040.c.o
                0x10008e84                dcd_sof_enable
 .text.dcd_edpt0_status_complete
                0x10008eac       0x1c CMakeFiles/DX7_RP2350_upgrade.dir/Users/vladistone/MyTools/Pico/pico-sdk/lib/tinyusb/src/portable/raspberrypi/rp2040/dcd_rp2040.c.o
                0x10008eac                dcd_edpt0_status_complete
 .text.dcd_edpt_open
                0x10008ec8       0xcc CMakeFiles/DX7_RP2350_upgrade.dir/Users/vladistone/MyTools/Pico/pico-sdk/lib/tinyusb/src/portable/raspberrypi/rp2040/dcd_rp2040.c.o
                0x10008ec8                dcd_edpt_open
 .text.dcd_edpt_close_all
                0x10008f94       0x64 CMakeFiles/DX7_RP2350_upgrade.dir/Users/vladistone/MyTools/Pico/pico-sdk/lib/tinyusb/src/portable/raspberrypi/rp2040/dcd_rp2040.c.o
                0x10008f94                dcd_edpt_close_all
 .text.dcd_edpt_xfer
                0x10008ff8       0x64 CMakeFiles/DX7_RP2350_upgrade.dir/Users/vladistone/MyTools/Pico/pico-sdk/lib/tinyusb/src/portable/raspberrypi/rp2040/dcd_rp2040.c.o
                0x10008ff8                dcd_edpt_xfer
 .text.dcd_edpt_stall
                0x1000905c       0x98 CMakeFiles/DX7_RP2350_upgrade.dir/Users/vladistone/MyTools/Pico/pico-sdk/lib/tinyusb/src/portable/raspberrypi/rp2040/dcd_rp2040.c.o
                0x1000905c                dcd_edpt_stall
 .text.dcd_edpt_clear_stall
                0x100090f4       0x40 CMakeFiles/DX7_RP2350_upgrade.dir/Users/vladistone/MyTools/Pico/pico-sdk/lib/tinyusb/src/portable/raspberrypi/rp2040/dcd_rp2040.c.o
                0x100090f4                dcd_edpt_clear_stall
 .text.rp2usb_init
                0x10009134       0x4c CMakeFiles/DX7_RP2350_upgrade.dir/Users/vladistone/MyTools/Pico/pico-sdk/lib/tinyusb/src/portable/raspberrypi/rp2040/rp2040_usb.c.o
                0x10009134                rp2usb_init
 .text.rp2usb_reset_transfer
                0x10009180        0xc CMakeFiles/DX7_RP2350_upgrade.dir/Users/vladistone/MyTools/Pico/pico-sdk/lib/tinyusb/src/portable/raspberrypi/rp2040/rp2040_usb.c.o
                0x10009180                rp2usb_reset_transfer
 .text.rp2usb_xfer_start
                0x1000918c      0x1b8 CMakeFiles/DX7_RP2350_upgrade.dir/Users/vladistone/MyTools/Pico/pico-sdk/lib/tinyusb/src/portable/raspberrypi/rp2040/rp2040_usb.c.o
                0x1000918c                rp2usb_xfer_start
 .text.rp2usb_xfer_continue
                0x10009344      0x1b0 CMakeFiles/DX7_RP2350_upgrade.dir/Users/vladistone/MyTools/Pico/pico-sdk/lib/tinyusb/src/portable/raspberrypi/rp2040/rp2040_usb.c.o
                0x10009344                rp2usb_xfer_continue
 .text.configuration_reset
                0x100094f4       0x98 CMakeFiles/DX7_RP2350_upgrade.dir/Users/vladistone/MyTools/Pico/pico-sdk/lib/tinyusb/src/device/usbd.c.o
 .text.tud_event_hook_cb
                0x1000958c        0x4 CMakeFiles/DX7_RP2350_upgrade.dir/Users/vladistone/MyTools/Pico/pico-sdk/lib/tinyusb/src/device/usbd.c.o
                0x1000958c                tud_event_hook_cb
 .text.tud_sof_cb
                0x10009590        0x4 CMakeFiles/DX7_RP2350_upgrade.dir/Users/vladistone/MyTools/Pico/pico-sdk/lib/tinyusb/src/device/usbd.c.o
                0x10009590                tud_sof_cb
 .text.tud_descriptor_device_qualifier_cb
                0x10009594        0x4 CMakeFiles/DX7_RP2350_upgrade.dir/Users/vladistone/MyTools/Pico/pico-sdk/lib/tinyusb/src/device/usbd.c.o
                0x10009594                tud_descriptor_device_qualifier_cb
 .text.tud_descriptor_other_speed_configuration_cb
                0x10009598        0x4 CMakeFiles/DX7_RP2350_upgrade.dir/Users/vladistone/MyTools/Pico/pico-sdk/lib/tinyusb/src/device/usbd.c.o
                0x10009598                tud_descriptor_other_speed_configuration_cb
 .text.tud_mount_cb
                0x1000959c        0x4 CMakeFiles/DX7_RP2350_upgrade.dir/Users/vladistone/MyTools/Pico/pico-sdk/lib/tinyusb/src/device/usbd.c.o
                0x1000959c                tud_mount_cb
 .text.tud_umount_cb
                0x100095a0        0x4 CMakeFiles/DX7_RP2350_upgrade.dir/Users/vladistone/MyTools/Pico/pico-sdk/lib/tinyusb/src/device/usbd.c.o
                0x100095a0                tud_umount_cb
 .text.tud_suspend_cb
                0x100095a4        0x4 CMakeFiles/DX7_RP2350_upgrade.dir/Users/vladistone/MyTools/Pico/pico-sdk/lib/tinyusb/src/device/usbd.c.o
                0x100095a4                tud_suspend_cb
 .text.tud_resume_cb
                0x100095a8        0x4 CMakeFiles/DX7_RP2350_upgrade.dir/Users/vladistone/MyTools/Pico/pico-sdk/lib/tinyusb/src/device/usbd.c.o
                0x100095a8                tud_resume_cb
 .text.tud_mounted
                0x100095ac       0x10 CMakeFiles/DX7_RP2350_upgrade.dir/Users/vladistone/MyTools/Pico/pico-sdk/lib/tinyusb/src/device/usbd.c.o
                0x100095ac                tud_mounted
 .text.tud_suspended
                0x100095bc       0x10 CMakeFiles/DX7_RP2350_upgrade.dir/Users/vladistone/MyTools/Pico/pico-sdk/lib/tinyusb/src/device/usbd.c.o
                0x100095bc                tud_suspended
 .text.tud_rhport_init
                0x100095cc       0xfc CMakeFiles/DX7_RP2350_upgrade.dir/Users/vladistone/MyTools/Pico/pico-sdk/lib/tinyusb/src/device/usbd.c.o
                0x100095cc                tud_rhport_init
 .text.tud_control_status
                0x100096c8       0x7c CMakeFiles/DX7_RP2350_upgrade.dir/Users/vladistone/MyTools/Pico/pico-sdk/lib/tinyusb/src/device/usbd.c.o
                0x100096c8                tud_control_status
 .text.tud_control_xfer
                0x10009744      0x124 CMakeFiles/DX7_RP2350_upgrade.dir/Users/vladistone/MyTools/Pico/pico-sdk/lib/tinyusb/src/device/usbd.c.o
                0x10009744                tud_control_xfer
 .text.usbd_edpt_open
                0x10009868       0x28 CMakeFiles/DX7_RP2350_upgrade.dir/Users/vladistone/MyTools/Pico/pico-sdk/lib/tinyusb/src/device/usbd.c.o
                0x10009868                usbd_edpt_open
 .text.usbd_edpt_claim
                0x10009890       0x24 CMakeFiles/DX7_RP2350_upgrade.dir/Users/vladistone/MyTools/Pico/pico-sdk/lib/tinyusb/src/device/usbd.c.o
                0x10009890                usbd_edpt_claim
 .text.usbd_edpt_release
                0x100098b4       0x24 CMakeFiles/DX7_RP2350_upgrade.dir/Users/vladistone/MyTools/Pico/pico-sdk/lib/tinyusb/src/device/usbd.c.o
                0x100098b4                usbd_edpt_release
 .text.usbd_edpt_xfer
                0x100098d8       0x70 CMakeFiles/DX7_RP2350_upgrade.dir/Users/vladistone/MyTools/Pico/pico-sdk/lib/tinyusb/src/device/usbd.c.o
                0x100098d8                usbd_edpt_xfer
 .text.tud_task_ext
                0x10009948      0x860 CMakeFiles/DX7_RP2350_upgrade.dir/Users/vladistone/MyTools/Pico/pico-sdk/lib/tinyusb/src/device/usbd.c.o
                0x10009948                tud_task_ext
 .text.usbd_edpt_xfer_fifo
                0x1000a1a8        0x4 CMakeFiles/DX7_RP2350_upgrade.dir/Users/vladistone/MyTools/Pico/pico-sdk/lib/tinyusb/src/device/usbd.c.o
                0x1000a1a8                usbd_edpt_xfer_fifo
 .text.tud_cdc_rx_cb
                0x1000a1ac        0x4 CMakeFiles/DX7_RP2350_upgrade.dir/Users/vladistone/MyTools/Pico/pico-sdk/lib/tinyusb/src/class/cdc/cdc_device.c.o
                0x1000a1ac                tud_cdc_rx_cb
 .text.tud_cdc_rx_wanted_cb
                0x1000a1b0        0x4 CMakeFiles/DX7_RP2350_upgrade.dir/Users/vladistone/MyTools/Pico/pico-sdk/lib/tinyusb/src/class/cdc/cdc_device.c.o
                0x1000a1b0                tud_cdc_rx_wanted_cb
 .text.tud_cdc_tx_complete_cb
                0x1000a1b4        0x4 CMakeFiles/DX7_RP2350_upgrade.dir/Users/vladistone/MyTools/Pico/pico-sdk/lib/tinyusb/src/class/cdc/cdc_device.c.o
                0x1000a1b4                tud_cdc_tx_complete_cb
 .text.tud_cdc_notify_complete_cb
                0x1000a1b8        0x4 CMakeFiles/DX7_RP2350_upgrade.dir/Users/vladistone/MyTools/Pico/pico-sdk/lib/tinyusb/src/class/cdc/cdc_device.c.o
                0x1000a1b8                tud_cdc_notify_complete_cb
 .text.tud_cdc_line_state_cb
                0x1000a1bc        0x4 CMakeFiles/DX7_RP2350_upgrade.dir/Users/vladistone/MyTools/Pico/pico-sdk/lib/tinyusb/src/class/cdc/cdc_device.c.o
                0x1000a1bc                tud_cdc_line_state_cb
 .text.tud_cdc_send_break_cb
                0x1000a1c0        0x4 CMakeFiles/DX7_RP2350_upgrade.dir/Users/vladistone/MyTools/Pico/pico-sdk/lib/tinyusb/src/class/cdc/cdc_device.c.o
                0x1000a1c0                tud_cdc_send_break_cb
 .text.tud_cdc_n_connected
                0x1000a1c4       0x28 CMakeFiles/DX7_RP2350_upgrade.dir/Users/vladistone/MyTools/Pico/pico-sdk/lib/tinyusb/src/class/cdc/cdc_device.c.o
                0x1000a1c4                tud_cdc_n_connected
 .text.tud_cdc_n_available
                0x1000a1ec       0x34 CMakeFiles/DX7_RP2350_upgrade.dir/Users/vladistone/MyTools/Pico/pico-sdk/lib/tinyusb/src/class/cdc/cdc_device.c.o
                0x1000a1ec                tud_cdc_n_available
 .text.tud_cdc_n_read
                0x1000a220       0x10 CMakeFiles/DX7_RP2350_upgrade.dir/Users/vladistone/MyTools/Pico/pico-sdk/lib/tinyusb/src/class/cdc/cdc_device.c.o
                0x1000a220                tud_cdc_n_read
 .text.tud_cdc_n_write
                0x1000a230       0x10 CMakeFiles/DX7_RP2350_upgrade.dir/Users/vladistone/MyTools/Pico/pico-sdk/lib/tinyusb/src/class/cdc/cdc_device.c.o
                0x1000a230                tud_cdc_n_write
 .text.tud_cdc_n_write_flush
                0x1000a240       0x10 CMakeFiles/DX7_RP2350_upgrade.dir/Users/vladistone/MyTools/Pico/pico-sdk/lib/tinyusb/src/class/cdc/cdc_device.c.o
                0x1000a240                tud_cdc_n_write_flush
 .text.tud_cdc_n_write_available
                0x1000a250       0x10 CMakeFiles/DX7_RP2350_upgrade.dir/Users/vladistone/MyTools/Pico/pico-sdk/lib/tinyusb/src/class/cdc/cdc_device.c.o
                0x1000a250                tud_cdc_n_write_available
 .text.cdcd_init
                0x1000a260       0x60 CMakeFiles/DX7_RP2350_upgrade.dir/Users/vladistone/MyTools/Pico/pico-sdk/lib/tinyusb/src/class/cdc/cdc_device.c.o
                0x1000a260                cdcd_init
 .text.cdcd_deinit
                0x1000a2c0        0x4 CMakeFiles/DX7_RP2350_upgrade.dir/Users/vladistone/MyTools/Pico/pico-sdk/lib/tinyusb/src/class/cdc/cdc_device.c.o
                0x1000a2c0                cdcd_deinit
 .text.cdcd_reset
                0x1000a2c4       0x20 CMakeFiles/DX7_RP2350_upgrade.dir/Users/vladistone/MyTools/Pico/pico-sdk/lib/tinyusb/src/class/cdc/cdc_device.c.o
                0x1000a2c4                cdcd_reset
 .text.cdcd_open
                0x1000a2e4      0x150 CMakeFiles/DX7_RP2350_upgrade.dir/Users/vladistone/MyTools/Pico/pico-sdk/lib/tinyusb/src/class/cdc/cdc_device.c.o
                0x1000a2e4                cdcd_open
 .text.cdcd_control_xfer_cb
                0x1000a434       0xa4 CMakeFiles/DX7_RP2350_upgrade.dir/Users/vladistone/MyTools/Pico/pico-sdk/lib/tinyusb/src/class/cdc/cdc_device.c.o
                0x1000a434                cdcd_control_xfer_cb
 .text.cdcd_xfer_cb
                0x1000a4d8      0x120 CMakeFiles/DX7_RP2350_upgrade.dir/Users/vladistone/MyTools/Pico/pico-sdk/lib/tinyusb/src/class/cdc/cdc_device.c.o
                0x1000a4d8                cdcd_xfer_cb
 .text.tusb_rhport_init
                0x1000a5f8       0x60 CMakeFiles/DX7_RP2350_upgrade.dir/Users/vladistone/MyTools/Pico/pico-sdk/lib/tinyusb/src/tusb.c.o
                0x1000a5f8                tusb_rhport_init
 .text.tu_edpt_claim
                0x1000a658       0x40 CMakeFiles/DX7_RP2350_upgrade.dir/Users/vladistone/MyTools/Pico/pico-sdk/lib/tinyusb/src/tusb.c.o
                0x1000a658                tu_edpt_claim
 .text.tu_edpt_release
                0x1000a698       0x34 CMakeFiles/DX7_RP2350_upgrade.dir/Users/vladistone/MyTools/Pico/pico-sdk/lib/tinyusb/src/tusb.c.o
                0x1000a698                tu_edpt_release
 .text.tu_bind_driver_to_ep_itf
                0x1000a6cc       0x7c CMakeFiles/DX7_RP2350_upgrade.dir/Users/vladistone/MyTools/Pico/pico-sdk/lib/tinyusb/src/tusb.c.o
                0x1000a6cc                tu_bind_driver_to_ep_itf
 .text.tu_edpt_stream_init
                0x1000a748       0x40 CMakeFiles/DX7_RP2350_upgrade.dir/Users/vladistone/MyTools/Pico/pico-sdk/lib/tinyusb/src/tusb.c.o
                0x1000a748                tu_edpt_stream_init
 .text.tu_edpt_stream_write_zlp_if_needed
                0x1000a788       0x70 CMakeFiles/DX7_RP2350_upgrade.dir/Users/vladistone/MyTools/Pico/pico-sdk/lib/tinyusb/src/tusb.c.o
                0x1000a788                tu_edpt_stream_write_zlp_if_needed
 .text.tu_edpt_stream_write_xfer
                0x1000a7f8       0xbc CMakeFiles/DX7_RP2350_upgrade.dir/Users/vladistone/MyTools/Pico/pico-sdk/lib/tinyusb/src/tusb.c.o
                0x1000a7f8                tu_edpt_stream_write_xfer
 .text.tu_edpt_stream_write
                0x1000a8b4       0xf0 CMakeFiles/DX7_RP2350_upgrade.dir/Users/vladistone/MyTools/Pico/pico-sdk/lib/tinyusb/src/tusb.c.o
                0x1000a8b4                tu_edpt_stream_write
 .text.tu_edpt_stream_write_available
                0x1000a9a4       0x24 CMakeFiles/DX7_RP2350_upgrade.dir/Users/vladistone/MyTools/Pico/pico-sdk/lib/tinyusb/src/tusb.c.o
                0x1000a9a4                tu_edpt_stream_write_available
 .text.tu_edpt_stream_read_xfer
                0x1000a9c8       0xd0 CMakeFiles/DX7_RP2350_upgrade.dir/Users/vladistone/MyTools/Pico/pico-sdk/lib/tinyusb/src/tusb.c.o
                0x1000a9c8                tu_edpt_stream_read_xfer
 .text.tu_edpt_stream_read
                0x1000aa98       0xd4 CMakeFiles/DX7_RP2350_upgrade.dir/Users/vladistone/MyTools/Pico/pico-sdk/lib/tinyusb/src/tusb.c.o
                0x1000aa98                tu_edpt_stream_read
 .text.tu_fifo_config
                0x1000ab6c       0x4c CMakeFiles/DX7_RP2350_upgrade.dir/Users/vladistone/MyTools/Pico/pico-sdk/lib/tinyusb/src/common/tusb_fifo.c.o
                0x1000ab6c                tu_fifo_config
 .text.tu_fifo_clear
                0x1000abb8       0x38 CMakeFiles/DX7_RP2350_upgrade.dir/Users/vladistone/MyTools/Pico/pico-sdk/lib/tinyusb/src/common/tusb_fifo.c.o
                0x1000abb8                tu_fifo_clear
 .text.tu_fifo_set_overwritable
                0x1000abf0       0x3c CMakeFiles/DX7_RP2350_upgrade.dir/Users/vladistone/MyTools/Pico/pico-sdk/lib/tinyusb/src/common/tusb_fifo.c.o
                0x1000abf0                tu_fifo_set_overwritable
 .text.tu_fifo_read_n_access_mode
                0x1000ac2c       0xc4 CMakeFiles/DX7_RP2350_upgrade.dir/Users/vladistone/MyTools/Pico/pico-sdk/lib/tinyusb/src/common/tusb_fifo.c.o
                0x1000ac2c                tu_fifo_read_n_access_mode
 .text.tu_fifo_write_n_access_mode
                0x1000acf0      0x138 CMakeFiles/DX7_RP2350_upgrade.dir/Users/vladistone/MyTools/Pico/pico-sdk/lib/tinyusb/src/common/tusb_fifo.c.o
                0x1000acf0                tu_fifo_write_n_access_mode
 .text.tu_fifo_get_read_info
                0x1000ae28       0xc4 CMakeFiles/DX7_RP2350_upgrade.dir/Users/vladistone/MyTools/Pico/pico-sdk/lib/tinyusb/src/common/tusb_fifo.c.o
                0x1000ae28                tu_fifo_get_read_info
 .text.spi_init
                0x1000aeec       0xf4 CMakeFiles/DX7_RP2350_upgrade.dir/Users/vladistone/MyTools/Pico/pico-sdk/src/rp2_common/hardware_spi/spi.c.o
                0x1000aeec                spi_init
 .text.spi_set_baudrate
                0x1000afe0       0x9c CMakeFiles/DX7_RP2350_upgrade.dir/Users/vladistone/MyTools/Pico/pico-sdk/src/rp2_common/hardware_spi/spi.c.o
                0x1000afe0                spi_set_baudrate
 .text.i2c_read_blocking_internal.constprop.0
                0x1000b07c       0x70 CMakeFiles/DX7_RP2350_upgrade.dir/Users/vladistone/MyTools/Pico/pico-sdk/src/rp2_common/hardware_i2c/i2c.c.o
 .text.i2c_write_blocking_internal.constprop.0
                0x1000b0ec       0x9c CMakeFiles/DX7_RP2350_upgrade.dir/Users/vladistone/MyTools/Pico/pico-sdk/src/rp2_common/hardware_i2c/i2c.c.o
 .text.i2c_write_blocking
                0x1000b188       0x10 CMakeFiles/DX7_RP2350_upgrade.dir/Users/vladistone/MyTools/Pico/pico-sdk/src/rp2_common/hardware_i2c/i2c.c.o
                0x1000b188                i2c_write_blocking
 .text.i2c_read_blocking
                0x1000b198       0x10 CMakeFiles/DX7_RP2350_upgrade.dir/Users/vladistone/MyTools/Pico/pico-sdk/src/rp2_common/hardware_i2c/i2c.c.o
                0x1000b198                i2c_read_blocking
 .text.strchr   0x1000b1a8       0xd0 /Users/vladistone/MyTools/Pico/arm-gcc/bin/../lib/gcc/arm-none-eabi/13.2.1/../../../../arm-none-eabi/lib/thumb/v8-m.main+fp/softfp/libg.a(libc_a-strchr.o)
                0x1000b1a8                strchr
 .text.strrchr  0x1000b278       0x2c /Users/vladistone/MyTools/Pico/arm-gcc/bin/../lib/gcc/arm-none-eabi/13.2.1/../../../../arm-none-eabi/lib/thumb/v8-m.main+fp/softfp/libg.a(libc_a-strrchr.o)
                0x1000b278                strrchr
 .text.strlen   0x1000b2a4       0x5c /Users/vladistone/MyTools/Pico/arm-gcc/bin/../lib/gcc/arm-none-eabi/13.2.1/../../../../arm-none-eabi/lib/thumb/v8-m.main+fp/softfp/libg.a(libc_a-strlen-stub.o)
                0x1000b2a4                strlen
 .text.strlen.__stub
                0x1000b300       0x58 linker stubs
 *(.fini)
 *crtbegin.o(.ctors)
 *crtbegin?.o(.ctors)
 *(EXCLUDE_FILE(*crtend.o *crtend?.o) .ctors)
 *(SORT_BY_NAME(.ctors.*))
 *(.ctors)
 *crtbegin.o(.dtors)
 *crtbegin?.o(.dtors)
 *(EXCLUDE_FILE(*crtend.o *crtend?.o) .dtors)
 *(SORT_BY_NAME(.dtors.*))
 *(.dtors)
                0x1000b358                        . = ALIGN (0x4)
                [!provide]                        PROVIDE (__bothinit_array_start = .)
                0x1000b358                        PROVIDE (__preinit_array_start = .)
 *(SORT_BY_NAME(.preinit_array.*))
 .preinit_array.00050
                0x1000b358        0x4 CMakeFiles/DX7_RP2350_upgrade.dir/Users/vladistone/MyTools/Pico/pico-sdk/src/rp2_common/pico_runtime_init/runtime_init.c.o
                0x1000b358                __pre_init_runtime_init_bootrom_reset
 .preinit_array.00100
                0x1000b35c        0x4 CMakeFiles/DX7_RP2350_upgrade.dir/Users/vladistone/MyTools/Pico/pico-sdk/src/rp2_common/pico_runtime_init/runtime_init.c.o
                0x1000b35c                __pre_init_runtime_init_early_resets
 .preinit_array.00101
                0x1000b360        0x4 CMakeFiles/DX7_RP2350_upgrade.dir/Users/vladistone/MyTools/Pico/pico-sdk/src/rp2_common/pico_runtime_init/runtime_init.c.o
                0x1000b360                __pre_init_runtime_init_usb_power_down
 .preinit_array.00500
                0x1000b364        0x4 CMakeFiles/DX7_RP2350_upgrade.dir/Users/vladistone/MyTools/Pico/pico-sdk/src/rp2_common/pico_runtime_init/runtime_init.c.o
                0x1000b364                __pre_init_runtime_init_clocks
 .preinit_array.00600
                0x1000b368        0x4 CMakeFiles/DX7_RP2350_upgrade.dir/Users/vladistone/MyTools/Pico/pico-sdk/src/rp2_common/pico_runtime_init/runtime_init.c.o
                0x1000b368                __pre_init_runtime_init_post_clock_resets
 .preinit_array.01000
                0x1000b36c        0x4 CMakeFiles/DX7_RP2350_upgrade.dir/Users/vladistone/MyTools/Pico/pico-sdk/src/rp2_common/hardware_boot_lock/boot_lock.c.o
                0x1000b36c                __pre_init_runtime_init_boot_locks_reset
 .preinit_array.01000
                0x1000b370        0x4 CMakeFiles/DX7_RP2350_upgrade.dir/Users/vladistone/MyTools/Pico/pico-sdk/src/rp2_common/pico_runtime_init/runtime_init.c.o
                0x1000b370                __pre_init_runtime_init_spin_locks_reset
 .preinit_array.01010
                0x1000b374        0x4 CMakeFiles/DX7_RP2350_upgrade.dir/Users/vladistone/MyTools/Pico/pico-sdk/src/rp2_common/pico_bootrom/bootrom_lock.c.o
                0x1000b374                __pre_init_runtime_init_bootrom_locking_enable
 .preinit_array.01100
                0x1000b378        0x4 CMakeFiles/DX7_RP2350_upgrade.dir/Users/vladistone/MyTools/Pico/pico-sdk/src/common/pico_sync/mutex.c.o
                0x1000b378                __pre_init_runtime_init_mutex
 .preinit_array.10080
                0x1000b37c        0x4 CMakeFiles/DX7_RP2350_upgrade.dir/Users/vladistone/MyTools/Pico/pico-sdk/src/rp2_common/pico_runtime_init/runtime_init.c.o
                0x1000b37c                __pre_init_runtime_init_install_ram_vector_table
 .preinit_array.11000
                0x1000b380        0x4 CMakeFiles/DX7_RP2350_upgrade.dir/Users/vladistone/MyTools/Pico/pico-sdk/src/common/pico_time/time.c.o
                0x1000b380                __pre_init_runtime_init_default_alarm_pool
 .preinit_array.YYYYY
                0x1000b384        0x4 CMakeFiles/DX7_RP2350_upgrade.dir/Users/vladistone/MyTools/Pico/pico-sdk/src/rp2_common/pico_runtime/runtime.c.o
                0x1000b384                __pre_init_first_per_core_initializer
 .preinit_array.ZZZZZ.00051
                0x1000b388        0x4 CMakeFiles/DX7_RP2350_upgrade.dir/Users/vladistone/MyTools/Pico/pico-sdk/src/rp2_common/pico_runtime_init/runtime_init.c.o
                0x1000b388                __pre_init_runtime_init_per_core_bootrom_reset
 .preinit_array.ZZZZZ.00200
                0x1000b38c        0x4 CMakeFiles/DX7_RP2350_upgrade.dir/Users/vladistone/MyTools/Pico/pico-sdk/src/rp2_common/pico_runtime_init/runtime_init.c.o
                0x1000b38c                __pre_init_runtime_init_per_core_enable_coprocessors
 .preinit_array.ZZZZZ.01000
                0x1000b390        0x4 CMakeFiles/DX7_RP2350_upgrade.dir/Users/vladistone/MyTools/Pico/pico-sdk/src/rp2_common/hardware_sync_spin_lock/sync_spin_lock.c.o
                0x1000b390                __pre_init_spinlock_set_extexclall
 .preinit_array.ZZZZZ.01200
                0x1000b394        0x4 CMakeFiles/DX7_RP2350_upgrade.dir/Users/vladistone/MyTools/Pico/pico-sdk/src/rp2_common/hardware_irq/irq.c.o
                0x1000b394                __pre_init_runtime_init_per_core_irq_priorities
 *(.preinit_array)
                0x1000b398                        PROVIDE (__preinit_array_end = .)
                0x1000b398                        . = ALIGN (0x4)
                0x1000b398                        PROVIDE (__init_array_start = .)
 *(SORT_BY_NAME(.init_array.*))
 .init_array.01000
                0x1000b398        0x4 CMakeFiles/DX7_RP2350_upgrade.dir/Users/vladistone/MyTools/Pico/pico-sdk/src/rp2_common/pico_unique_id/unique_id.c.o
 *(.init_array)
                0x1000b39c                        PROVIDE (__init_array_end = .)
                [!provide]                        PROVIDE (__bothinit_array_end = .)
                0x1000b39c                        . = ALIGN (0x4)
                [!provide]                        PROVIDE (__fini_array_start = .)
 *(SORT_BY_NAME(.fini_array.*))
 *(.fini_array)
                [!provide]                        PROVIDE (__fini_array_end = .)
                [!provide]                        PROVIDE (__dso_handle = 0x0)
 *(.eh_frame*)
                0x1000b39c                        . = ALIGN (0x4)

.glue_7         0x1000b39c        0x0
 .glue_7        0x1000b39c        0x0 linker stubs

.glue_7t        0x1000b39c        0x0
 .glue_7t       0x1000b39c        0x0 linker stubs

.vfp11_veneer   0x1000b39c        0x0
 .vfp11_veneer  0x1000b39c        0x0 linker stubs

.v4_bx          0x1000b39c        0x0
 .v4_bx         0x1000b39c        0x0 linker stubs

.iplt           0x1000b39c        0x0
 .iplt          0x1000b39c        0x0 CMakeFiles/DX7_RP2350_upgrade.dir/main.c.o

.boot2          0x1000b39c        0x0
                0x1000b39c                        __boot2_start__ = .
 *(.boot2)
                0x1000b39c                        __boot2_end__ = .
                0x00000001                        ASSERT (((__boot2_end__ - __boot2_start__) <= 0x100), ERROR: Pico second stage bootloader must be no more than 256 bytes in size)

.rodata         0x1000b3a0     0x119c
 *(EXCLUDE_FILE(*libm.a: *lib*_a-mem*.o *libc.a: *libgcc.a:) .rodata*)
 .rodata.main.str1.4
                0x1000b3a0      0x697 CMakeFiles/DX7_RP2350_upgrade.dir/main.c.o
                                0x1a1 (size before relaxing)
 .rodata.midi_send_byte.str1.4
                0x1000ba37       0x11 CMakeFiles/DX7_RP2350_upgrade.dir/core/midi_uart.c.o
 .rodata.midi_read_byte.str1.4
                0x1000ba37       0x11 CMakeFiles/DX7_RP2350_upgrade.dir/core/midi_uart.c.o
 .rodata.show_animated_splash.str1.4
                0x1000ba37        0xb CMakeFiles/DX7_RP2350_upgrade.dir/core/TFT_dvr.c.o
 .rodata.sd_storage_ensure_defaults.str1.4
                0x1000ba37      0x1d9 CMakeFiles/DX7_RP2350_upgrade.dir/services/sd_storage.c.o
 .rodata.sd_storage_init.str1.4
                0x1000ba37       0x22 CMakeFiles/DX7_RP2350_upgrade.dir/services/sd_storage.c.o
 .rodata.sd_storage_mount.str1.4
                0x1000ba37       0x2a CMakeFiles/DX7_RP2350_upgrade.dir/services/sd_storage.c.o
 .rodata.sd_storage_scan_files.str1.4
                0x1000ba37       0x19 CMakeFiles/DX7_RP2350_upgrade.dir/services/sd_storage.c.o
 .rodata.ui_draw_statusbar.str1.4
                0x1000ba37       0x1a CMakeFiles/DX7_RP2350_upgrade.dir/services/ui_engine.c.o
 *fill*         0x1000ba37        0x1 
 .rodata.icon_up
                0x1000ba38       0x18 CMakeFiles/DX7_RP2350_upgrade.dir/services/font.c.o
                0x1000ba38                icon_up
 .rodata.icon_fw
                0x1000ba50       0x18 CMakeFiles/DX7_RP2350_upgrade.dir/services/font.c.o
                0x1000ba50                icon_fw
 .rodata.icon_rw
                0x1000ba68       0x18 CMakeFiles/DX7_RP2350_upgrade.dir/services/font.c.o
                0x1000ba68                icon_rw
 .rodata.icon_stop
                0x1000ba80       0x18 CMakeFiles/DX7_RP2350_upgrade.dir/services/font.c.o
                0x1000ba80                icon_stop
 .rodata.icon_play
                0x1000ba98       0x18 CMakeFiles/DX7_RP2350_upgrade.dir/services/font.c.o
                0x1000ba98                icon_play
 .rodata.font_8x12
                0x1000bab0      0x2c4 CMakeFiles/DX7_RP2350_upgrade.dir/services/font.c.o
                0x1000bab0                font_8x12
 .rodata.debug_log_render_system_screen.str1.4
                0x1000bd74       0x6b CMakeFiles/DX7_RP2350_upgrade.dir/services/debug_log.c.o
 .rodata.play_mode_render.str1.4
                0x1000bd74       0x20 CMakeFiles/DX7_RP2350_upgrade.dir/modes/play_mode.c.o
 .rodata.str1.4
                0x1000bd74       0x21 CMakeFiles/DX7_RP2350_upgrade.dir/modes/play_mode.c.o
 .rodata        0x1000bd74        0xc CMakeFiles/DX7_RP2350_upgrade.dir/modes/play_mode.c.o
 .rodata.sd_review_update.str1.4
                0x1000bd80       0x23 CMakeFiles/DX7_RP2350_upgrade.dir/modes/sd_review.c.o
 .rodata.str1.4
                0x1000bd80        0xc CMakeFiles/DX7_RP2350_upgrade.dir/mapping/map_default.c.o
 .rodata.map_default_profile
                0x1000bd80        0xc CMakeFiles/DX7_RP2350_upgrade.dir/mapping/map_default.c.o
                0x1000bd80                map_default_profile
 .rodata.default_entries
                0x1000bd8c      0x1b8 CMakeFiles/DX7_RP2350_upgrade.dir/mapping/map_default.c.o
 .rodata.str1.4
                0x1000bf44        0xd CMakeFiles/DX7_RP2350_upgrade.dir/mapping/map_nucleus2.c.o
 .rodata.map_nucleus2_profile
                0x1000bf44        0xc CMakeFiles/DX7_RP2350_upgrade.dir/mapping/map_nucleus2.c.o
                0x1000bf44                map_nucleus2_profile
 .rodata.nucleus2_entries
                0x1000bf50      0x280 CMakeFiles/DX7_RP2350_upgrade.dir/mapping/map_nucleus2.c.o
 .rodata.check_fs.str1.4
                0x1000c1d0        0x9 CMakeFiles/DX7_RP2350_upgrade.dir/lib/fatfs/ff.c.o
 .rodata.follow_path.str1.4
                0x1000c1d0        0xf CMakeFiles/DX7_RP2350_upgrade.dir/lib/fatfs/ff.c.o
 .rodata.panic.str1.4
                0x1000c1d0       0x11 CMakeFiles/DX7_RP2350_upgrade.dir/Users/vladistone/MyTools/Pico/pico-sdk/src/rp2_common/pico_platform_panic/panic.c.o
 .rodata.spin_lock_claim_unused.str1.4
                0x1000c1d0       0x1b CMakeFiles/DX7_RP2350_upgrade.dir/Users/vladistone/MyTools/Pico/pico-sdk/src/rp2_common/hardware_sync/sync.c.o
 .rodata.user_irq_claim_unused.str1.4
                0x1000c1d0       0x1b CMakeFiles/DX7_RP2350_upgrade.dir/Users/vladistone/MyTools/Pico/pico-sdk/src/rp2_common/hardware_irq/irq.c.o
 .rodata.timer_hardware_alarm_claim.str1.4
                0x1000c1d0       0x22 CMakeFiles/DX7_RP2350_upgrade.dir/Users/vladistone/MyTools/Pico/pico-sdk/src/rp2_common/hardware_timer/timer.c.o
 .rodata.hard_assertion_failure.str1.4
                0x1000c1d0        0xc CMakeFiles/DX7_RP2350_upgrade.dir/Users/vladistone/MyTools/Pico/pico-sdk/src/rp2_common/pico_runtime/runtime.c.o
 .rodata.str1.4
                0x1000c1d0       0x48 CMakeFiles/DX7_RP2350_upgrade.dir/Users/vladistone/MyTools/Pico/pico-sdk/src/rp2_common/pico_standard_binary_info/standard_binary_info.c.o
 .rodata.__bi_84